<html>
<body>
<pre>
<h1>µVision Build Log</h1>
<h2>Tool Versions:</h2>
IDE-Version: µVision V5.38.0.0
Copyright (C) 2022 ARM Ltd and ARM Germany GmbH. All rights reserved.
License Information: 123 Acer, 123, LIC=GMZI6-D897K-MMM9I-T5F16-JRC7H-BWX8T
 
Tool Versions:
Toolchain:       MDK-ARM Plus  Version: 5.38.0.0
Toolchain Path:  C:\Keil_v5\ARM\ARMCC\Bin
C Compiler:      Armcc.exe V5.06 update 7 (build 960)
Assembler:       Armasm.exe V5.06 update 7 (build 960)
Linker/Locator:  ArmLink.exe V5.06 update 7 (build 960)
Library Manager: ArmAr.exe V5.06 update 7 (build 960)
Hex Converter:   FromElf.exe V5.06 update 7 (build 960)
CPU DLL:         SARMCM3.DLL V5.38.0.0
Dialog DLL:      DCM.DLL V1.17.5.0
Target DLL:      STLink\ST-LINKIII-KEIL_SWO.dll V3.1.0.0
Dialog DLL:      TCM.DLL V1.56.4.0
 
<h2>Project:</h2>
E:\ANDROMEDA GAMING\Remot-Debugger\MDK-ARM\Remot Debugger.uvprojx
Project File Date:  06/28/2024

<h2>Output:</h2>
*** Using Compiler 'V5.06 update 7 (build 960)', folder: 'C:\Keil_v5\ARM\ARMCC\Bin'
Build target 'Remot Debugger'
assembling startup_stm32f103xb.s...
compiling main.c...
../Core/Inc/Komunikasi_remot.h(103): warning:  #1-D: last line of file ends without a newline
  #endif
../Core/Src/main.c(466): warning:  #546-D: transfer of control bypasses initialization of:
            variable "fr_c"  (declared at line 474)
            variable "fr_f"  (declared at line 480)
            variable "fr_t"  (declared at line 486)
            variable "mr_c"  (declared at line 496)
            variable "mr_f"  (declared at line 502)
            variable "mr_t"  (declared at line 508)
            variable "br_c"  (declared at line 518)
            variable "br_f"  (declared at line 524)
            variable "br_t"  (declared at line 530)
            variable "bl_c"  (declared at line 540)
            variable "bl_f"  (declared at line 546)
            variable "bl_t"  (declared at line 552)
            variable "ml_c"  (declared at line 562)
            variable "ml_f"  (declared at line 568)
            variable "ml_t"  (declared at line 574)
  		switch (page_angle_kaki)
  		^
../Core/Src/main.c: 2 warnings, 0 errors
linking...
Program Size: Code=18580 RO-data=488 RW-data=56 ZI-data=2576  
FromELF: creating hex file...
"Remot Debugger\Remot Debugger.axf" - 0 Error(s), 2 Warning(s).

<h2>Software Packages used:</h2>

Package Vendor: ARM
                http://www.keil.com/pack/ARM.CMSIS.5.9.0.pack
                ARM.CMSIS.5.9.0
                CMSIS (Common Microcontroller Software Interface Standard)
   * Component: CORE Version: 5.6.0

Package Vendor: Keil
                http://www.keil.com/pack/Keil.STM32F1xx_DFP.2.4.0.pack
                Keil.STM32F1xx_DFP.2.4.0
                STMicroelectronics STM32F1 Series Device Support, Drivers and Examples

<h2>Collection of Component include folders:</h2>
  ./RTE/_Remot_Debugger
  C:/Users/Acer/AppData/Local/Arm/Packs/ARM/CMSIS/5.9.0/CMSIS/Core/Include
  C:/Users/Acer/AppData/Local/Arm/Packs/Keil/STM32F1xx_DFP/2.4.0/Device/Include

<h2>Collection of Component Files used:</h2>

   * Component: ARM::CMSIS:CORE:5.6.0
      Include file:  CMSIS/Core/Include/tz_context.h
Build Time Elapsed:  00:00:03
</pre>
</body>
</html>
