Component: ARM Compiler 5.06 update 7 (build 960) Tool: armlink [4d3601]

==============================================================================

Section Cross References

    startup_stm32f103xb.o(STACK) refers (Special) to heapauxi.o(.text) for __use_two_region_memory
    startup_stm32f103xb.o(HEAP) refers (Special) to heapauxi.o(.text) for __use_two_region_memory
    startup_stm32f103xb.o(RESET) refers (Special) to heapauxi.o(.text) for __use_two_region_memory
    startup_stm32f103xb.o(RESET) refers to startup_stm32f103xb.o(STACK) for __initial_sp
    startup_stm32f103xb.o(RESET) refers to startup_stm32f103xb.o(.text) for Reset_Handler
    startup_stm32f103xb.o(RESET) refers to stm32f1xx_it.o(i.NMI_Handler) for NMI_Handler
    startup_stm32f103xb.o(RESET) refers to stm32f1xx_it.o(i.HardFault_Handler) for HardFault_Handler
    startup_stm32f103xb.o(RESET) refers to stm32f1xx_it.o(i.MemManage_Handler) for MemManage_Handler
    startup_stm32f103xb.o(RESET) refers to stm32f1xx_it.o(i.BusFault_Handler) for BusFault_Handler
    startup_stm32f103xb.o(RESET) refers to stm32f1xx_it.o(i.UsageFault_Handler) for UsageFault_Handler
    startup_stm32f103xb.o(RESET) refers to stm32f1xx_it.o(i.SVC_Handler) for SVC_Handler
    startup_stm32f103xb.o(RESET) refers to stm32f1xx_it.o(i.DebugMon_Handler) for DebugMon_Handler
    startup_stm32f103xb.o(RESET) refers to stm32f1xx_it.o(i.PendSV_Handler) for PendSV_Handler
    startup_stm32f103xb.o(RESET) refers to stm32f1xx_it.o(i.SysTick_Handler) for SysTick_Handler
    startup_stm32f103xb.o(RESET) refers to stm32f1xx_it.o(i.DMA1_Channel2_IRQHandler) for DMA1_Channel2_IRQHandler
    startup_stm32f103xb.o(RESET) refers to stm32f1xx_it.o(i.SPI1_IRQHandler) for SPI1_IRQHandler
    startup_stm32f103xb.o(.text) refers (Special) to heapauxi.o(.text) for __use_two_region_memory
    startup_stm32f103xb.o(.text) refers to system_stm32f1xx.o(i.SystemInit) for SystemInit
    startup_stm32f103xb.o(.text) refers to __main.o(!!!main) for __main
    startup_stm32f103xb.o(.text) refers to startup_stm32f103xb.o(HEAP) for Heap_Mem
    startup_stm32f103xb.o(.text) refers to startup_stm32f103xb.o(STACK) for Stack_Mem
    ee.o(i.Flash_Write_Data) refers to stm32f1xx_hal_flash.o(i.HAL_FLASH_Unlock) for HAL_FLASH_Unlock
    ee.o(i.Flash_Write_Data) refers to ee.o(i.GetPage) for GetPage
    ee.o(i.Flash_Write_Data) refers to stm32f1xx_hal_flash_ex.o(i.HAL_FLASHEx_Erase) for HAL_FLASHEx_Erase
    ee.o(i.Flash_Write_Data) refers to stm32f1xx_hal_flash.o(i.HAL_FLASH_Program) for HAL_FLASH_Program
    ee.o(i.Flash_Write_Data) refers to stm32f1xx_hal_flash.o(i.HAL_FLASH_GetError) for HAL_FLASH_GetError
    ee.o(i.Flash_Write_Data) refers to stm32f1xx_hal_flash.o(i.HAL_FLASH_Lock) for HAL_FLASH_Lock
    ee.o(i.Flash_Write_Data) refers to ee.o(.bss) for .bss
    i2c-lcd.o(i.lcd_clear) refers to i2c-lcd.o(i.lcd_send_cmd) for lcd_send_cmd
    i2c-lcd.o(i.lcd_clear) refers to i2c-lcd.o(i.lcd_send_data) for lcd_send_data
    i2c-lcd.o(i.lcd_init) refers to stm32f1xx_hal.o(i.HAL_Delay) for HAL_Delay
    i2c-lcd.o(i.lcd_init) refers to i2c-lcd.o(i.lcd_send_cmd) for lcd_send_cmd
    i2c-lcd.o(i.lcd_init) refers to i2c-lcd.o(.data) for .data
    i2c-lcd.o(i.lcd_put_cur) refers to i2c-lcd.o(i.lcd_send_cmd) for lcd_send_cmd
    i2c-lcd.o(i.lcd_send_cmd) refers to stm32f1xx_hal_i2c.o(i.HAL_I2C_Master_Transmit) for HAL_I2C_Master_Transmit
    i2c-lcd.o(i.lcd_send_cmd) refers to i2c-lcd.o(.data) for .data
    i2c-lcd.o(i.lcd_send_data) refers to stm32f1xx_hal_i2c.o(i.HAL_I2C_Master_Transmit) for HAL_I2C_Master_Transmit
    i2c-lcd.o(i.lcd_send_data) refers to i2c-lcd.o(.data) for .data
    i2c-lcd.o(i.lcd_send_string) refers to i2c-lcd.o(i.lcd_send_data) for lcd_send_data
    komunikasi_remot.o(i.komunikasi_remot_init) refers to komunikasi_remot.o(.data) for .data
    komunikasi_remot.o(i.receive_all) refers to stm32f1xx_hal_spi.o(i.HAL_SPI_Receive_DMA) for HAL_SPI_Receive_DMA
    komunikasi_remot.o(i.receive_all) refers to komunikasi_remot.o(.bss) for .bss
    komunikasi_remot.o(i.receive_all) refers to komunikasi_remot.o(.data) for .data
    komunikasi_remot.o(i.send_angle_kaki) refers to stm32f1xx_hal_spi.o(i.HAL_SPI_Transmit) for HAL_SPI_Transmit
    komunikasi_remot.o(i.send_angle_kaki) refers to komunikasi_remot.o(.data) for .data
    komunikasi_remot.o(i.send_gyro) refers to stm32f1xx_hal_spi.o(i.HAL_SPI_Transmit) for HAL_SPI_Transmit
    komunikasi_remot.o(i.send_gyro) refers to komunikasi_remot.o(.data) for .data
    komunikasi_remot.o(i.send_ping) refers to stm32f1xx_hal_spi.o(i.HAL_SPI_Transmit) for HAL_SPI_Transmit
    komunikasi_remot.o(i.send_ping) refers to komunikasi_remot.o(.data) for .data
    komunikasi_remot.o(i.send_pos_kaki) refers to stm32f1xx_hal_spi.o(i.HAL_SPI_Transmit) for HAL_SPI_Transmit
    komunikasi_remot.o(i.send_pos_kaki) refers to komunikasi_remot.o(.data) for .data
    komunikasi_remot.o(i.send_room_step) refers to stm32f1xx_hal_spi.o(i.HAL_SPI_Transmit) for HAL_SPI_Transmit
[...]
    ../clib/printf.c                         0x00000000   Number         0  noretval__2sprintf.o ABSOLUTE
    ../clib/printf.c                         0x00000000   Number         0  __printf.o ABSOLUTE
    ../clib/printf.c                         0x00000000   Number         0  _printf_dec.o ABSOLUTE
    ../clib/printf.c                         0x00000000   Number         0  __printf_flags.o ABSOLUTE
    ../clib/printf.c                         0x00000000   Number         0  __printf_ss.o ABSOLUTE
    ../clib/printf.c                         0x00000000   Number         0  __printf_flags_ss.o ABSOLUTE
    ../clib/printf.c                         0x00000000   Number         0  __printf_wp.o ABSOLUTE
    ../clib/printf.c                         0x00000000   Number         0  __printf_flags_wp.o ABSOLUTE
    ../clib/printf.c                         0x00000000   Number         0  __printf_ss_wp.o ABSOLUTE
    ../clib/printf.c                         0x00000000   Number         0  __printf_flags_ss_wp.o ABSOLUTE
    ../clib/printf.c                         0x00000000   Number         0  _printf_char_common.o ABSOLUTE
    ../clib/printf.c                         0x00000000   Number         0  _printf_fp_dec.o ABSOLUTE
    ../clib/printf.c                         0x00000000   Number         0  _printf_intcommon.o ABSOLUTE
    ../clib/printf.c                         0x00000000   Number         0  _sputc.o ABSOLUTE
    ../clib/printf.c                         0x00000000   Number         0  _printf_fp_infnan.o ABSOLUTE
    ../clib/printf_percent.s                 0x00000000   Number         0  _printf_d.o ABSOLUTE
    ../clib/printf_percent.s                 0x00000000   Number         0  _printf_f.o ABSOLUTE
    ../clib/printf_percent.s                 0x00000000   Number         0  _printf_percent_end.o ABSOLUTE
    ../clib/printf_percent.s                 0x00000000   Number         0  _printf_u.o ABSOLUTE
    ../clib/printf_percent.s                 0x00000000   Number         0  _printf_percent.o ABSOLUTE
    ../clib/signal.c                         0x00000000   Number         0  defsig_segv_inner.o ABSOLUTE
    ../clib/signal.c                         0x00000000   Number         0  defsig_cppl_inner.o ABSOLUTE
    ../clib/signal.c                         0x00000000   Number         0  defsig_pvfn_inner.o ABSOLUTE
    ../clib/signal.c                         0x00000000   Number         0  defsig_stak_inner.o ABSOLUTE
    ../clib/signal.c                         0x00000000   Number         0  defsig_rtred_inner.o ABSOLUTE
    ../clib/signal.c                         0x00000000   Number         0  defsig_fpe_inner.o ABSOLUTE
    ../clib/signal.c                         0x00000000   Number         0  defsig_abrt_inner.o ABSOLUTE
    ../clib/signal.c                         0x00000000   Number         0  __raise.o ABSOLUTE
    ../clib/signal.c                         0x00000000   Number         0  defsig_rtmem_inner.o ABSOLUTE
    ../clib/signal.c                         0x00000000   Number         0  defsig_rtmem_outer.o ABSOLUTE
    ../clib/signal.c                         0x00000000   Number         0  defsig_exit.o ABSOLUTE
    ../clib/signal.c                         0x00000000   Number         0  defsig_general.o ABSOLUTE
    ../clib/signal.c                         0x00000000   Number         0  defsig_other.o ABSOLUTE
    ../clib/signal.c                         0x00000000   Number         0  defsig_rtmem_formal.o ABSOLUTE
    ../clib/signal.s                         0x00000000   Number         0  defsig.o ABSOLUTE
    ../clib/stdlib.c                         0x00000000   Number         0  exit.o ABSOLUTE
    ../fplib/fpinit.s                        0x00000000   Number         0  fpinit.o ABSOLUTE
    ../fplib/istatus.s                       0x00000000   Number         0  istatus.o ABSOLUTE
    ../fplib/printf1.s                       0x00000000   Number         0  printf1.o ABSOLUTE
    ../fplib/usenofp.s                       0x00000000   Number         0  usenofp.o ABSOLUTE
    ../mathlib/fpclassify.c                  0x00000000   Number         0  fpclassify.o ABSOLUTE
    ..\Core\Src\Komunikasi_remot.c           0x00000000   Number         0  komunikasi_remot.o ABSOLUTE
    ..\Core\Src\ee.c                         0x00000000   Number         0  ee.o ABSOLUTE
    ..\Core\Src\i2c-lcd.c                    0x00000000   Number         0  i2c-lcd.o ABSOLUTE
    ..\Core\Src\main.c                       0x00000000   Number         0  main.o ABSOLUTE
    ..\Core\Src\stm32f1xx_hal_msp.c          0x00000000   Number         0  stm32f1xx_hal_msp.o ABSOLUTE
    ..\Core\Src\stm32f1xx_it.c               0x00000000   Number         0  stm32f1xx_it.o ABSOLUTE
    ..\Core\Src\system_stm32f1xx.c           0x00000000   Number         0  system_stm32f1xx.o ABSOLUTE
    ..\Drivers\STM32F1xx_HAL_Driver\Src\stm32f1xx_hal.c 0x00000000   Number         0  stm32f1xx_hal.o ABSOLUTE
    ..\Drivers\STM32F1xx_HAL_Driver\Src\stm32f1xx_hal_cortex.c 0x00000000   Number         0  stm32f1xx_hal_cortex.o ABSOLUTE
    ..\Drivers\STM32F1xx_HAL_Driver\Src\stm32f1xx_hal_dma.c 0x00000000   Number         0  stm32f1xx_hal_dma.o ABSOLUTE
    ..\Drivers\STM32F1xx_HAL_Driver\Src\stm32f1xx_hal_exti.c 0x00000000   Number         0  stm32f1xx_hal_exti.o ABSOLUTE
    ..\Drivers\STM32F1xx_HAL_Driver\Src\stm32f1xx_hal_flash.c 0x00000000   Number         0  stm32f1xx_hal_flash.o ABSOLUTE
    ..\Drivers\STM32F1xx_HAL_Driver\Src\stm32f1xx_hal_flash_ex.c 0x00000000   Number         0  stm32f1xx_hal_flash_ex.o ABSOLUTE
    ..\Drivers\STM32F1xx_HAL_Driver\Src\stm32f1xx_hal_gpio.c 0x00000000   Number         0  stm32f1xx_hal_gpio.o ABSOLUTE
    ..\Drivers\STM32F1xx_HAL_Driver\Src\stm32f1xx_hal_gpio_ex.c 0x00000000   Number         0  stm32f1xx_hal_gpio_ex.o ABSOLUTE
    ..\Drivers\STM32F1xx_HAL_Driver\Src\stm32f1xx_hal_i2c.c 0x00000000   Number         0  stm32f1xx_hal_i2c.o ABSOLUTE
    ..\Drivers\STM32F1xx_HAL_Driver\Src\stm32f1xx_hal_pwr.c 0x00000000   Number         0  stm32f1xx_hal_pwr.o ABSOLUTE
    ..\Drivers\STM32F1xx_HAL_Driver\Src\stm32f1xx_hal_rcc.c 0x00000000   Number         0  stm32f1xx_hal_rcc.o ABSOLUTE
    ..\Drivers\STM32F1xx_HAL_Driver\Src\stm32f1xx_hal_rcc_ex.c 0x00000000   Number         0  stm32f1xx_hal_rcc_ex.o ABSOLUTE
    ..\Drivers\STM32F1xx_HAL_Driver\Src\stm32f1xx_hal_spi.c 0x00000000   Number         0  stm32f1xx_hal_spi.o ABSOLUTE
    ..\Drivers\STM32F1xx_HAL_Driver\Src\stm32f1xx_hal_tim.c 0x00000000   Number         0  stm32f1xx_hal_tim.o ABSOLUTE
    ..\Drivers\STM32F1xx_HAL_Driver\Src\stm32f1xx_hal_tim_ex.c 0x00000000   Number         0  stm32f1xx_hal_tim_ex.o ABSOLUTE
    ..\\Core\\Src\\Komunikasi_remot.c        0x00000000   Number         0  komunikasi_remot.o ABSOLUTE
    ..\\Core\\Src\\ee.c                      0x00000000   Number         0  ee.o ABSOLUTE
    ..\\Core\\Src\\i2c-lcd.c                 0x00000000   Number         0  i2c-lcd.o ABSOLUTE
    dc.s                                     0x00000000   Number         0  dc.o ABSOLUTE
    startup_stm32f103xb.s                    0x00000000   Number         0  startup_stm32f103xb.o ABSOLUTE
    RESET                                    0x08000000   Section      236  startup_stm32f103xb.o(RESET)
    !!!main                                  0x080000ec   Section        8  __main.o(!!!main)
    !!!scatter                               0x080000f4   Section       52  __scatter.o(!!!scatter)
    !!handler_copy                           0x08000128   Section       26  __scatter_copy.o(!!handler_copy)
    !!handler_zi                             0x08000144   Section       28  __scatter_zi.o(!!handler_zi)
    .ARM.Collect$$_printf_percent$$00000000  0x08000160   Section        0  _printf_percent.o(.ARM.Collect$$_printf_percent$$00000000)
    .ARM.Collect$$_printf_percent$$00000003  0x08000160   Section        6  _printf_f.o(.ARM.Collect$$_printf_percent$$00000003)
    .ARM.Collect$$_printf_percent$$00000009  0x08000166   Section        6  _printf_d.o(.ARM.Collect$$_printf_percent$$00000009)
    .ARM.Collect$$_printf_percent$$0000000A  0x0800016c   Section        6  _printf_u.o(.ARM.Collect$$_printf_percent$$0000000A)
    .ARM.Collect$$_printf_percent$$00000017  0x08000172   Section        4  _printf_percent_end.o(.ARM.Collect$$_printf_percent$$00000017)
    .ARM.Collect$$libinit$$00000000          0x08000176   Section        2  libinit.o(.ARM.Collect$$libinit$$00000000)
    .ARM.Collect$$libinit$$00000002          0x08000178   Section        0  libinit2.o(.ARM.Collect$$libinit$$00000002)
    .ARM.Collect$$libinit$$00000004          0x08000178   Section        0  libinit2.o(.ARM.Collect$$libinit$$00000004)
    .ARM.Collect$$libinit$$0000000A          0x08000178   Section        0  libinit2.o(.ARM.Collect$$libinit$$0000000A)
    .ARM.Collect$$libinit$$0000000C          0x08000178   Section        0  libinit2.o(.ARM.Collect$$libinit$$0000000C)
    .ARM.Collect$$libinit$$0000000E          0x08000178   Section        0  libinit2.o(.ARM.Collect$$libinit$$0000000E)
    .ARM.Collect$$libinit$$0000000F          0x08000178   Section        6  libinit2.o(.ARM.Collect$$libinit$$0000000F)
    .ARM.Collect$$libinit$$00000011          0x0800017e   Section        0  libinit2.o(.ARM.Collect$$libinit$$00000011)
    .ARM.Collect$$libinit$$00000013          0x0800017e   Section        0  libinit2.o(.ARM.Collect$$libinit$$00000013)
    .ARM.Collect$$libinit$$00000015          0x0800017e   Section        0  libinit2.o(.ARM.Collect$$libinit$$00000015)
    .ARM.Collect$$libinit$$00000016          0x0800017e   Section       10  libinit2.o(.ARM.Collect$$libinit$$00000016)
    .ARM.Collect$$libinit$$00000017          0x08000188   Section        0  libinit2.o(.ARM.Collect$$libinit$$00000017)
    .ARM.Collect$$libinit$$00000019          0x08000188   Section        0  libinit2.o(.ARM.Collect$$libinit$$00000019)
    .ARM.Collect$$libinit$$0000001B          0x08000188   Section        0  libinit2.o(.ARM.Collect$$libinit$$0000001B)
    .ARM.Collect$$libinit$$0000001D          0x08000188   Section        0  libinit2.o(.ARM.Collect$$libinit$$0000001D)
    .ARM.Collect$$libinit$$0000001F          0x08000188   Section        0  libinit2.o(.ARM.Collect$$libinit$$0000001F)
    .ARM.Collect$$libinit$$00000021          0x08000188   Section        0  libinit2.o(.ARM.Collect$$libinit$$00000021)
    .ARM.Collect$$libinit$$00000023          0x08000188   Section        0  libinit2.o(.ARM.Collect$$libinit$$00000023)
    .ARM.Collect$$libinit$$00000025          0x08000188   Section        0  libinit2.o(.ARM.Collect$$libinit$$00000025)
    .ARM.Collect$$libinit$$0000002C          0x08000188   Section        0  libinit2.o(.ARM.Collect$$libinit$$0000002C)
    .ARM.Collect$$libinit$$0000002E          0x08000188   Section        0  libinit2.o(.ARM.Collect$$libinit$$0000002E)
    .ARM.Collect$$libinit$$00000030          0x08000188   Section        0  libinit2.o(.ARM.Collect$$libinit$$00000030)
    .ARM.Collect$$libinit$$00000032          0x08000188   Section        0  libinit2.o(.ARM.Collect$$libinit$$00000032)
    .ARM.Collect$$libinit$$00000033          0x08000188   Section        2  libinit2.o(.ARM.Collect$$libinit$$00000033)
    .ARM.Collect$$libshutdown$$00000000      0x0800018a   Section        2  libshutdown.o(.ARM.Collect$$libshutdown$$00000000)
    .ARM.Collect$$libshutdown$$00000002      0x0800018c   Section        0  libshutdown2.o(.ARM.Collect$$libshutdown$$00000002)
    .ARM.Collect$$libshutdown$$00000004      0x0800018c   Section        0  libshutdown2.o(.ARM.Collect$$libshutdown$$00000004)
    .ARM.Collect$$libshutdown$$00000006      0x0800018c   Section        0  libshutdown2.o(.ARM.Collect$$libshutdown$$00000006)
    .ARM.Collect$$libshutdown$$00000009      0x0800018c   Section        0  libshutdown2.o(.ARM.Collect$$libshutdown$$00000009)
    .ARM.Collect$$libshutdown$$0000000C      0x0800018c   Section        0  libshutdown2.o(.ARM.Collect$$libshutdown$$0000000C)
    .ARM.Collect$$libshutdown$$0000000E      0x0800018c   Section        0  libshutdown2.o(.ARM.Collect$$libshutdown$$0000000E)
    .ARM.Collect$$libshutdown$$00000011      0x0800018c   Section        0  libshutdown2.o(.ARM.Collect$$libshutdown$$00000011)
    .ARM.Collect$$libshutdown$$00000012      0x0800018c   Section        2  libshutdown2.o(.ARM.Collect$$libshutdown$$00000012)
    .ARM.Collect$$rtentry$$00000000          0x0800018e   Section        0  __rtentry.o(.ARM.Collect$$rtentry$$00000000)
    .ARM.Collect$$rtentry$$00000002          0x0800018e   Section        0  __rtentry2.o(.ARM.Collect$$rtentry$$00000002)
    .ARM.Collect$$rtentry$$00000004          0x0800018e   Section        6  __rtentry4.o(.ARM.Collect$$rtentry$$00000004)
    .ARM.Collect$$rtentry$$00000009          0x08000194   Section        0  __rtentry2.o(.ARM.Collect$$rtentry$$00000009)
    .ARM.Collect$$rtentry$$0000000A          0x08000194   Section        4  __rtentry2.o(.ARM.Collect$$rtentry$$0000000A)
    .ARM.Collect$$rtentry$$0000000C          0x08000198   Section        0  __rtentry2.o(.ARM.Collect$$rtentry$$0000000C)
    .ARM.Collect$$rtentry$$0000000D          0x08000198   Section        8  __rtentry2.o(.ARM.Collect$$rtentry$$0000000D)
    .ARM.Collect$$rtexit$$00000000           0x080001a0   Section        2  rtexit.o(.ARM.Collect$$rtexit$$00000000)
    .ARM.Collect$$rtexit$$00000002           0x080001a2   Section        0  rtexit2.o(.ARM.Collect$$rtexit$$00000002)
    .ARM.Collect$$rtexit$$00000003           0x080001a2   Section        4  rtexit2.o(.ARM.Collect$$rtexit$$00000003)
    .ARM.Collect$$rtexit$$00000004           0x080001a6   Section        6  rtexit2.o(.ARM.Collect$$rtexit$$00000004)
    .text                                    0x080001ac   Section       64  startup_stm32f103xb.o(.text)
    .text                                    0x080001ec   Section       38  llushr.o(.text)
    .text                                    0x08000214   Section        0  noretval__2sprintf.o(.text)
    .text                                    0x0800023c   Section        0  _printf_dec.o(.text)
    .text                                    0x080002b4   Section        0  __printf_wp.o(.text)
    .text                                    0x080003c2   Section       78  rt_memclr_w.o(.text)
    .text                                    0x08000410   Section        0  heapauxi.o(.text)
    .text                                    0x08000416   Section        0  _printf_intcommon.o(.text)
    .text                                    0x080004c8   Section        0  _printf_fp_dec.o(.text)
    _fp_digits                               0x080004cb   Thumb Code   432  _printf_fp_dec.o(.text)
    .text                                    0x080008e8   Section        0  _printf_char_common.o(.text)
    _printf_input_char                       0x080008e9   Thumb Code    10  _printf_char_common.o(.text)
    .text                                    0x08000918   Section        0  _sputc.o(.text)
    .text                                    0x08000924   Section        8  rt_locale_intlibspace.o(.text)
    .text                                    0x0800092c   Section      138  lludiv10.o(.text)
    .text                                    0x080009b8   Section        0  _printf_fp_infnan.o(.text)
    .text                                    0x08000a38   Section        0  bigflt0.o(.text)
    .text                                    0x08000b1c   Section        8  libspace.o(.text)
    .text                                    0x08000b24   Section       74  sys_stackheap_outer.o(.text)
    .text                                    0x08000b6e   Section        0  exit.o(.text)
    .text                                    0x08000b80   Section      128  strcmpv7m.o(.text)
    .text                                    0x08000c00   Section        0  sys_exit.o(.text)
    .text                                    0x08000c0c   Section        2  use_no_semi.o(.text)
    .text                                    0x08000c0e   Section        0  indicate_semi.o(.text)
    CL$$btod_d2e                             0x08000c0e   Section       62  btod.o(CL$$btod_d2e)
    CL$$btod_d2e_denorm_low                  0x08000c4c   Section       70  btod.o(CL$$btod_d2e_denorm_low)
    CL$$btod_d2e_norm_op1                    0x08000c92   Section       96  btod.o(CL$$btod_d2e_norm_op1)
    CL$$btod_div_common                      0x08000cf2   Section      824  btod.o(CL$$btod_div_common)
    CL$$btod_e2e                             0x0800102a   Section      220  btod.o(CL$$btod_e2e)
    CL$$btod_ediv                            0x08001106   Section       42  btod.o(CL$$btod_ediv)
    CL$$btod_emul                            0x08001130   Section       42  btod.o(CL$$btod_emul)
    CL$$btod_mult_common                     0x0800115a   Section      580  btod.o(CL$$btod_mult_common)
    i.BusFault_Handler                       0x0800139e   Section        0  stm32f1xx_it.o(i.BusFault_Handler)
    i.DMA1_Channel2_IRQHandler               0x080013a0   Section        0  stm32f1xx_it.o(i.DMA1_Channel2_IRQHandler)
    i.DMA_SetConfig                          0x080013ac   Section        0  stm32f1xx_hal_dma.o(i.DMA_SetConfig)
    DMA_SetConfig                            0x080013ad   Thumb Code    42  stm32f1xx_hal_dma.o(i.DMA_SetConfig)
    i.DebugMon_Handler                       0x080013d6   Section        0  stm32f1xx_it.o(i.DebugMon_Handler)
    i.Error_Handler                          0x080013d8   Section        0  main.o(i.Error_Handler)
    i.FLASH_MassErase                        0x080013dc   Section        0  stm32f1xx_hal_flash_ex.o(i.FLASH_MassErase)
    FLASH_MassErase                          0x080013dd   Thumb Code    26  stm32f1xx_hal_flash_ex.o(i.FLASH_MassErase)
    i.FLASH_PageErase                        0x08001400   Section        0  stm32f1xx_hal_flash_ex.o(i.FLASH_PageErase)
    i.FLASH_Program_HalfWord                 0x08001424   Section        0  stm32f1xx_hal_flash.o(i.FLASH_Program_HalfWord)
    FLASH_Program_HalfWord                   0x08001425   Thumb Code    20  stm32f1xx_hal_flash.o(i.FLASH_Program_HalfWord)
    i.FLASH_SetErrorCode                     0x08001440   Section        0  stm32f1xx_hal_flash.o(i.FLASH_SetErrorCode)
    FLASH_SetErrorCode                       0x08001441   Thumb Code    84  stm32f1xx_hal_flash.o(i.FLASH_SetErrorCode)
    i.FLASH_WaitForLastOperation             0x0800149c   Section        0  stm32f1xx_hal_flash.o(i.FLASH_WaitForLastOperation)
    i.Flash_Write_Data                       0x080014f0   Section        0  ee.o(i.Flash_Write_Data)
    i.GetPage                                0x0800155c   Section        0  ee.o(i.GetPage)
    GetPage                                  0x0800155d   Thumb Code    42  ee.o(i.GetPage)
    i.HAL_DMA_Abort_IT                       0x0800158c   Section        0  stm32f1xx_hal_dma.o(i.HAL_DMA_Abort_IT)
    i.HAL_DMA_IRQHandler                     0x08001624   Section        0  stm32f1xx_hal_dma.o(i.HAL_DMA_IRQHandler)
    i.HAL_DMA_Init                           0x08001778   Section        0  stm32f1xx_hal_dma.o(i.HAL_DMA_Init)
    i.HAL_DMA_Start_IT                       0x080017d4   Section        0  stm32f1xx_hal_dma.o(i.HAL_DMA_Start_IT)
    i.HAL_Delay                              0x08001844   Section        0  stm32f1xx_hal.o(i.HAL_Delay)
    i.HAL_FLASHEx_Erase                      0x08001868   Section        0  stm32f1xx_hal_flash_ex.o(i.HAL_FLASHEx_Erase)
    i.HAL_FLASH_GetError                     0x08001910   Section        0  stm32f1xx_hal_flash.o(i.HAL_FLASH_GetError)
    i.HAL_FLASH_Lock                         0x0800191c   Section        0  stm32f1xx_hal_flash.o(i.HAL_FLASH_Lock)
    i.HAL_FLASH_Program                      0x08001930   Section        0  stm32f1xx_hal_flash.o(i.HAL_FLASH_Program)
    i.HAL_FLASH_Unlock                       0x080019b0   Section        0  stm32f1xx_hal_flash.o(i.HAL_FLASH_Unlock)
    i.HAL_GPIO_Init                          0x080019d8   Section        0  stm32f1xx_hal_gpio.o(i.HAL_GPIO_Init)
    i.HAL_GPIO_ReadPin                       0x08001bb8   Section        0  stm32f1xx_hal_gpio.o(i.HAL_GPIO_ReadPin)
    i.HAL_GPIO_WritePin                      0x08001bc2   Section        0  stm32f1xx_hal_gpio.o(i.HAL_GPIO_WritePin)
    i.HAL_GetTick                            0x08001bcc   Section        0  stm32f1xx_hal.o(i.HAL_GetTick)
    i.HAL_I2C_Init                           0x08001bd8   Section        0  stm32f1xx_hal_i2c.o(i.HAL_I2C_Init)
    i.HAL_I2C_Master_Transmit                0x08001d60   Section        0  stm32f1xx_hal_i2c.o(i.HAL_I2C_Master_Transmit)
    i.HAL_I2C_MspInit                        0x08001e8c   Section        0  stm32f1xx_hal_msp.o(i.HAL_I2C_MspInit)
    i.HAL_IncTick                            0x08001efc   Section        0  stm32f1xx_hal.o(i.HAL_IncTick)
    i.HAL_Init                               0x08001f0c   Section        0  stm32f1xx_hal.o(i.HAL_Init)
    i.HAL_InitTick                           0x08001f30   Section        0  stm32f1xx_hal.o(i.HAL_InitTick)
    i.HAL_MspInit                            0x08001f70   Section        0  stm32f1xx_hal_msp.o(i.HAL_MspInit)
    i.HAL_NVIC_EnableIRQ                     0x08001fac   Section        0  stm32f1xx_hal_cortex.o(i.HAL_NVIC_EnableIRQ)
    i.HAL_NVIC_SetPriority                   0x08001fc8   Section        0  stm32f1xx_hal_cortex.o(i.HAL_NVIC_SetPriority)
    i.HAL_NVIC_SetPriorityGrouping           0x08002008   Section        0  stm32f1xx_hal_cortex.o(i.HAL_NVIC_SetPriorityGrouping)
    i.HAL_RCC_ClockConfig                    0x0800202c   Section        0  stm32f1xx_hal_rcc.o(i.HAL_RCC_ClockConfig)
    i.HAL_RCC_GetPCLK1Freq                   0x08002158   Section        0  stm32f1xx_hal_rcc.o(i.HAL_RCC_GetPCLK1Freq)
    i.HAL_RCC_GetSysClockFreq                0x08002178   Section        0  stm32f1xx_hal_rcc.o(i.HAL_RCC_GetSysClockFreq)
    i.HAL_RCC_OscConfig                      0x080021c4   Section        0  stm32f1xx_hal_rcc.o(i.HAL_RCC_OscConfig)
    i.HAL_SPI_ErrorCallback                  0x080024e4   Section        0  stm32f1xx_hal_spi.o(i.HAL_SPI_ErrorCallback)
    i.HAL_SPI_IRQHandler                     0x080024e8   Section        0  stm32f1xx_hal_spi.o(i.HAL_SPI_IRQHandler)
    i.HAL_SPI_Init                           0x080025c8   Section        0  stm32f1xx_hal_spi.o(i.HAL_SPI_Init)
    i.HAL_SPI_MspInit                        0x0800267c   Section        0  stm32f1xx_hal_msp.o(i.HAL_SPI_MspInit)
    i.HAL_SPI_Receive_DMA                    0x08002740   Section        0  stm32f1xx_hal_spi.o(i.HAL_SPI_Receive_DMA)
    i.HAL_SPI_RxCpltCallback                 0x0800282c   Section        0  main.o(i.HAL_SPI_RxCpltCallback)
    i.HAL_SPI_RxHalfCpltCallback             0x08002850   Section        0  stm32f1xx_hal_spi.o(i.HAL_SPI_RxHalfCpltCallback)
    i.HAL_SPI_TransmitReceive_DMA            0x08002854   Section        0  stm32f1xx_hal_spi.o(i.HAL_SPI_TransmitReceive_DMA)
    i.HAL_SPI_TxRxCpltCallback               0x08002968   Section        0  stm32f1xx_hal_spi.o(i.HAL_SPI_TxRxCpltCallback)
    i.HAL_SPI_TxRxHalfCpltCallback           0x0800296a   Section        0  stm32f1xx_hal_spi.o(i.HAL_SPI_TxRxHalfCpltCallback)
    i.HAL_SYSTICK_Config                     0x0800296c   Section        0  stm32f1xx_hal_cortex.o(i.HAL_SYSTICK_Config)
    i.HardFault_Handler                      0x08002994   Section        0  stm32f1xx_it.o(i.HardFault_Handler)
    i.I2C_IsAcknowledgeFailed                0x08002996   Section        0  stm32f1xx_hal_i2c.o(i.I2C_IsAcknowledgeFailed)
    I2C_IsAcknowledgeFailed                  0x08002997   Thumb Code    46  stm32f1xx_hal_i2c.o(i.I2C_IsAcknowledgeFailed)
    i.I2C_MasterRequestWrite                 0x080029c4   Section        0  stm32f1xx_hal_i2c.o(i.I2C_MasterRequestWrite)
    I2C_MasterRequestWrite                   0x080029c5   Thumb Code   150  stm32f1xx_hal_i2c.o(i.I2C_MasterRequestWrite)
    i.I2C_WaitOnBTFFlagUntilTimeout          0x08002a60   Section        0  stm32f1xx_hal_i2c.o(i.I2C_WaitOnBTFFlagUntilTimeout)
    I2C_WaitOnBTFFlagUntilTimeout            0x08002a61   Thumb Code    86  stm32f1xx_hal_i2c.o(i.I2C_WaitOnBTFFlagUntilTimeout)
    i.I2C_WaitOnFlagUntilTimeout             0x08002ab8   Section        0  stm32f1xx_hal_i2c.o(i.I2C_WaitOnFlagUntilTimeout)
    I2C_WaitOnFlagUntilTimeout               0x08002ab9   Thumb Code   144  stm32f1xx_hal_i2c.o(i.I2C_WaitOnFlagUntilTimeout)
    i.I2C_WaitOnMasterAddressFlagUntilTimeout 0x08002b48   Section        0  stm32f1xx_hal_i2c.o(i.I2C_WaitOnMasterAddressFlagUntilTimeout)
    I2C_WaitOnMasterAddressFlagUntilTimeout  0x08002b49   Thumb Code   188  stm32f1xx_hal_i2c.o(i.I2C_WaitOnMasterAddressFlagUntilTimeout)
    i.I2C_WaitOnTXEFlagUntilTimeout          0x08002c04   Section        0  stm32f1xx_hal_i2c.o(i.I2C_WaitOnTXEFlagUntilTimeout)
    I2C_WaitOnTXEFlagUntilTimeout            0x08002c05   Thumb Code    86  stm32f1xx_hal_i2c.o(i.I2C_WaitOnTXEFlagUntilTimeout)
    i.MX_GPIO_Init                           0x08002c5c   Section        0  main.o(i.MX_GPIO_Init)
    MX_GPIO_Init                             0x08002c5d   Thumb Code   120  main.o(i.MX_GPIO_Init)
    i.MX_SPI1_Init                           0x08002cdc   Section        0  main.o(i.MX_SPI1_Init)
    MX_SPI1_Init                             0x08002cdd   Thumb Code    50  main.o(i.MX_SPI1_Init)
    i.MemManage_Handler                      0x08002d18   Section        0  stm32f1xx_it.o(i.MemManage_Handler)
    i.NMI_Handler                            0x08002d1a   Section        0  stm32f1xx_it.o(i.NMI_Handler)
    i.PendSV_Handler                         0x08002d1c   Section        0  stm32f1xx_it.o(i.PendSV_Handler)
    i.SPI1_IRQHandler                        0x08002d20   Section        0  stm32f1xx_it.o(i.SPI1_IRQHandler)
    i.SPI_DMAAbortOnError                    0x08002d2c   Section        0  stm32f1xx_hal_spi.o(i.SPI_DMAAbortOnError)
    SPI_DMAAbortOnError                      0x08002d2d   Thumb Code    16  stm32f1xx_hal_spi.o(i.SPI_DMAAbortOnError)
    i.SPI_DMAError                           0x08002d3c   Section        0  stm32f1xx_hal_spi.o(i.SPI_DMAError)
    SPI_DMAError                             0x08002d3d   Thumb Code    34  stm32f1xx_hal_spi.o(i.SPI_DMAError)
    i.SPI_DMAHalfReceiveCplt                 0x08002d5e   Section        0  stm32f1xx_hal_spi.o(i.SPI_DMAHalfReceiveCplt)
    SPI_DMAHalfReceiveCplt                   0x08002d5f   Thumb Code    10  stm32f1xx_hal_spi.o(i.SPI_DMAHalfReceiveCplt)
    i.SPI_DMAHalfTransmitReceiveCplt         0x08002d68   Section        0  stm32f1xx_hal_spi.o(i.SPI_DMAHalfTransmitReceiveCplt)
    SPI_DMAHalfTransmitReceiveCplt           0x08002d69   Thumb Code    10  stm32f1xx_hal_spi.o(i.SPI_DMAHalfTransmitReceiveCplt)
    i.SPI_DMAReceiveCplt                     0x08002d72   Section        0  stm32f1xx_hal_spi.o(i.SPI_DMAReceiveCplt)
    SPI_DMAReceiveCplt                       0x08002d73   Thumb Code   106  stm32f1xx_hal_spi.o(i.SPI_DMAReceiveCplt)
    i.SPI_DMATransmitReceiveCplt             0x08002ddc   Section        0  stm32f1xx_hal_spi.o(i.SPI_DMATransmitReceiveCplt)
    SPI_DMATransmitReceiveCplt               0x08002ddd   Thumb Code    90  stm32f1xx_hal_spi.o(i.SPI_DMATransmitReceiveCplt)
    i.SPI_EndRxTransaction                   0x08002e36   Section        0  stm32f1xx_hal_spi.o(i.SPI_EndRxTransaction)
    SPI_EndRxTransaction                     0x08002e37   Thumb Code    92  stm32f1xx_hal_spi.o(i.SPI_EndRxTransaction)
    i.SPI_EndRxTxTransaction                 0x08002e92   Section        0  stm32f1xx_hal_spi.o(i.SPI_EndRxTxTransaction)
    SPI_EndRxTxTransaction                   0x08002e93   Thumb Code    32  stm32f1xx_hal_spi.o(i.SPI_EndRxTxTransaction)
    i.SPI_WaitFlagStateUntilTimeout          0x08002eb4   Section        0  stm32f1xx_hal_spi.o(i.SPI_WaitFlagStateUntilTimeout)
    SPI_WaitFlagStateUntilTimeout            0x08002eb5   Thumb Code   180  stm32f1xx_hal_spi.o(i.SPI_WaitFlagStateUntilTimeout)
    i.SVC_Handler                            0x08002f6c   Section        0  stm32f1xx_it.o(i.SVC_Handler)
    i.SysTick_Handler                        0x08002f6e   Section        0  stm32f1xx_it.o(i.SysTick_Handler)
    i.SystemClock_Config                     0x08002f72   Section        0  main.o(i.SystemClock_Config)
    i.SystemInit                             0x08002fd0   Section        0  system_stm32f1xx.o(i.SystemInit)
    i.UsageFault_Handler                     0x08002fd2   Section        0  stm32f1xx_it.o(i.UsageFault_Handler)
    i.__ARM_fpclassify                       0x08002fd4   Section        0  fpclassify.o(i.__ARM_fpclassify)
    i.__NVIC_SetPriority                     0x08002ffc   Section        0  stm32f1xx_hal_cortex.o(i.__NVIC_SetPriority)
    __NVIC_SetPriority                       0x08002ffd   Thumb Code    32  stm32f1xx_hal_cortex.o(i.__NVIC_SetPriority)
    i._is_digit                              0x0800301c   Section        0  __printf_wp.o(i._is_digit)
    i.displayDataOnLCD                       0x0800302c   Section        0  main.o(i.displayDataOnLCD)
    i.komunikasi_remot_init                  0x08003d48   Section        0  komunikasi_remot.o(i.komunikasi_remot_init)
    i.lcd_clear                              0x08003d54   Section        0  i2c-lcd.o(i.lcd_clear)
    i.lcd_init                               0x08003d6c   Section        0  i2c-lcd.o(i.lcd_init)
    i.lcd_put_cur                            0x08003dc4   Section        0  i2c-lcd.o(i.lcd_put_cur)
    i.lcd_send_cmd                           0x08003ddc   Section        0  i2c-lcd.o(i.lcd_send_cmd)
    i.lcd_send_data                          0x08003e18   Section        0  i2c-lcd.o(i.lcd_send_data)
    i.lcd_send_string                        0x08003e54   Section        0  i2c-lcd.o(i.lcd_send_string)
    i.main                                   0x08003e68   Section        0  main.o(i.main)
    i.readFromEE                             0x08003f18   Section        0  main.o(i.readFromEE)
    i.read_flash_memory                      0x08003f40   Section        0  ee.o(i.read_flash_memory)
    i.receive_all                            0x08003f54   Section        0  komunikasi_remot.o(i.receive_all)
    i.writeToEEPROM                          0x08004888   Section        0  main.o(i.writeToEEPROM)
    locale$$code                             0x08004950   Section       44  lc_numeric_c.o(locale$$code)
    x$fpl$printf1                            0x0800497c   Section        4  printf1.o(x$fpl$printf1)
    .constdata                               0x08004980   Section       18  stm32f1xx_hal_rcc.o(.constdata)
    x$fpl$usenofp                            0x08004980   Section        0  usenofp.o(x$fpl$usenofp)
    aPredivFactorTable                       0x08004980   Data           2  stm32f1xx_hal_rcc.o(.constdata)
    aPLLMULFactorTable                       0x08004982   Data          16  stm32f1xx_hal_rcc.o(.constdata)
    .constdata                               0x08004992   Section       16  system_stm32f1xx.o(.constdata)
    .constdata                               0x080049a2   Section        8  system_stm32f1xx.o(.constdata)
    .constdata                               0x080049ac   Section      148  bigflt0.o(.constdata)
    tenpwrs_x                                0x080049ac   Data          60  bigflt0.o(.constdata)
    tenpwrs_i                                0x080049e8   Data          64  bigflt0.o(.constdata)
    locale$$data                             0x08004a60   Section       28  lc_numeric_c.o(locale$$data)
    __lcnum_c_name                           0x08004a64   Data           2  lc_numeric_c.o(locale$$data)
    __lcnum_c_start                          0x08004a6c   Data           0  lc_numeric_c.o(locale$$data)
    __lcnum_c_point                          0x08004a78   Data           0  lc_numeric_c.o(locale$$data)
    __lcnum_c_thousands                      0x08004a7a   Data           0  lc_numeric_c.o(locale$$data)
    __lcnum_c_grouping                       0x08004a7b   Data           0  lc_numeric_c.o(locale$$data)
    __lcnum_c_end                            0x08004a7c   Data           0  lc_numeric_c.o(locale$$data)
    .data                                    0x20000000   Section        8  i2c-lcd.o(.data)
    handler                                  0x20000000   Data           4  i2c-lcd.o(.data)
    .data                                    0x20000008   Section        4  komunikasi_remot.o(.data)
    hspi                                     0x20000008   Data           4  komunikasi_remot.o(.data)
    .data                                    0x2000000c   Section       28  main.o(.data)
    .data                                    0x20000028   Section       12  stm32f1xx_hal.o(.data)
    .data                                    0x20000034   Section        4  system_stm32f1xx.o(.data)
    .bss                                     0x20000038   Section       16  ee.o(.bss)
    EraseInitStruct                          0x20000038   Data          16  ee.o(.bss)
    .bss                                     0x20000048   Section      145  komunikasi_remot.o(.bss)
    array_all                                0x20000048   Data         145  komunikasi_remot.o(.bss)
    .bss                                     0x200000e0   Section      676  main.o(.bss)
    .bss                                     0x20000384   Section       68  main.o(.bss)
    .bss                                     0x200003c8   Section       32  stm32f1xx_hal_flash.o(.bss)
    .bss                                     0x200003e8   Section       96  libspace.o(.bss)
    HEAP                                     0x20000448   Section      512  startup_stm32f103xb.o(HEAP)
    Heap_Mem                                 0x20000448   Data         512  startup_stm32f103xb.o(HEAP)
    STACK                                    0x20000648   Section     1024  startup_stm32f103xb.o(STACK)
    Stack_Mem                                0x20000648   Data        1024  startup_stm32f103xb.o(STACK)
    __initial_sp                             0x20000a48   Data           0  startup_stm32f103xb.o(STACK)

    Global Symbols

    Symbol Name                              Value     Ov Type        Size  Object(Section)

    BuildAttributes$$THM_ISAv4$P$D$K$B$S$PE$A:L22UL41UL21$X:L11$S22US41US21$IEEE1$IW$USESV6$~STKCKD$USESV7$~SHL$OTIME$ROPI$IEEEJ$EBA8$UX$STANDARDLIB$REQ8$PRES8$EABIv2 0x00000000   Number         0  anon$$obj.o ABSOLUTE
    __ARM_use_no_argv                        0x00000000   Number         0  main.o ABSOLUTE
    _printf_flags                            0x00000000   Number         0  printf_stubs.o ABSOLUTE
    _printf_return_value                     0x00000000   Number         0  printf_stubs.o ABSOLUTE
    _printf_sizespec                         0x00000000   Number         0  printf_stubs.o ABSOLUTE
    _printf_widthprec                        0x00000000   Number         0  printf_stubs.o ABSOLUTE
    __ARM_exceptions_init                     - Undefined Weak Reference
    __alloca_initialize                       - Undefined Weak Reference
    __arm_fini_                               - Undefined Weak Reference
    __arm_preinit_                            - Undefined Weak Reference
    __cpp_initialize__aeabi_                  - Undefined Weak Reference
    __cxa_finalize                            - Undefined Weak Reference
    __sigvec_lookup                           - Undefined Weak Reference
    _atexit_init                              - Undefined Weak Reference
    _call_atexit_fns                          - Undefined Weak Reference
    _clock_init                               - Undefined Weak Reference
    _fp_trap_init                             - Undefined Weak Reference
    _fp_trap_shutdown                         - Undefined Weak Reference
    _get_lc_collate                           - Undefined Weak Reference
    _get_lc_ctype                             - Undefined Weak Reference
    _get_lc_monetary                          - Undefined Weak Reference
    _get_lc_time                              - Undefined Weak Reference
    _getenv_init                              - Undefined Weak Reference
    _handle_redirection                       - Undefined Weak Reference
    _init_alloc                               - Undefined Weak Reference
    _init_user_alloc                          - Undefined Weak Reference
    _initio                                   - Undefined Weak Reference
    _printf_post_padding                      - Undefined Weak Reference
    _printf_pre_padding                       - Undefined Weak Reference
    _printf_truncate_signed                   - Undefined Weak Reference
    _printf_truncate_unsigned                 - Undefined Weak Reference
    _rand_init                                - Undefined Weak Reference
    _signal_finish                            - Undefined Weak Reference
    _signal_init                              - Undefined Weak Reference
    _terminate_alloc                          - Undefined Weak Reference
    _terminate_user_alloc                     - Undefined Weak Reference
    _terminateio                              - Undefined Weak Reference
    __Vectors_Size                           0x000000ec   Number         0  startup_stm32f103xb.o ABSOLUTE
    __Vectors                                0x08000000   Data           4  startup_stm32f103xb.o(RESET)
    __Vectors_End                            0x080000ec   Data           0  startup_stm32f103xb.o(RESET)
    __main                                   0x080000ed   Thumb Code     8  __main.o(!!!main)
    __scatterload                            0x080000f5   Thumb Code     0  __scatter.o(!!!scatter)
    __scatterload_rt2                        0x080000f5   Thumb Code    44  __scatter.o(!!!scatter)
    __scatterload_rt2_thumb_only             0x080000f5   Thumb Code     0  __scatter.o(!!!scatter)
    __scatterload_null                       0x08000103   Thumb Code     0  __scatter.o(!!!scatter)
    __scatterload_copy                       0x08000129   Thumb Code    26  __scatter_copy.o(!!handler_copy)
    __scatterload_zeroinit                   0x08000145   Thumb Code    28  __scatter_zi.o(!!handler_zi)
    _printf_f                                0x08000161   Thumb Code     0  _printf_f.o(.ARM.Collect$$_printf_percent$$00000003)
    _printf_percent                          0x08000161   Thumb Code     0  _printf_percent.o(.ARM.Collect$$_printf_percent$$00000000)
    _printf_d                                0x08000167   Thumb Code     0  _printf_d.o(.ARM.Collect$$_printf_percent$$00000009)
    _printf_u                                0x0800016d   Thumb Code     0  _printf_u.o(.ARM.Collect$$_printf_percent$$0000000A)
    _printf_percent_end                      0x08000173   Thumb Code     0  _printf_percent_end.o(.ARM.Collect$$_printf_percent$$00000017)
    __rt_lib_init                            0x08000177   Thumb Code     0  libinit.o(.ARM.Collect$$libinit$$00000000)
    __rt_lib_init_fp_1                       0x08000179   Thumb Code     0  libinit2.o(.ARM.Collect$$libinit$$00000002)
    __rt_lib_init_heap_1                     0x08000179   Thumb Code     0  libinit2.o(.ARM.Collect$$libinit$$0000000A)
    __rt_lib_init_lc_common                  0x08000179   Thumb Code     0  libinit2.o(.ARM.Collect$$libinit$$0000000F)
    __rt_lib_init_preinit_1                  0x08000179   Thumb Code     0  libinit2.o(.ARM.Collect$$libinit$$00000004)
    __rt_lib_init_rand_1                     0x08000179   Thumb Code     0  libinit2.o(.ARM.Collect$$libinit$$0000000E)
    __rt_lib_init_user_alloc_1               0x08000179   Thumb Code     0  libinit2.o(.ARM.Collect$$libinit$$0000000C)
    __rt_lib_init_lc_collate_1               0x0800017f   Thumb Code     0  libinit2.o(.ARM.Collect$$libinit$$00000011)
    __rt_lib_init_lc_ctype_1                 0x0800017f   Thumb Code     0  libinit2.o(.ARM.Collect$$libinit$$00000013)
    __rt_lib_init_lc_monetary_1              0x0800017f   Thumb Code     0  libinit2.o(.ARM.Collect$$libinit$$00000015)
    __rt_lib_init_lc_numeric_2               0x0800017f   Thumb Code     0  libinit2.o(.ARM.Collect$$libinit$$00000016)
    __rt_lib_init_alloca_1                   0x08000189   Thumb Code     0  libinit2.o(.ARM.Collect$$libinit$$0000002E)
    __rt_lib_init_argv_1                     0x08000189   Thumb Code     0  libinit2.o(.ARM.Collect$$libinit$$0000002C)
    __rt_lib_init_atexit_1                   0x08000189   Thumb Code     0  libinit2.o(.ARM.Collect$$libinit$$0000001B)
    __rt_lib_init_clock_1                    0x08000189   Thumb Code     0  libinit2.o(.ARM.Collect$$libinit$$00000021)
    __rt_lib_init_cpp_1                      0x08000189   Thumb Code     0  libinit2.o(.ARM.Collect$$libinit$$00000032)
    __rt_lib_init_exceptions_1               0x08000189   Thumb Code     0  libinit2.o(.ARM.Collect$$libinit$$00000030)
    __rt_lib_init_fp_trap_1                  0x08000189   Thumb Code     0  libinit2.o(.ARM.Collect$$libinit$$0000001F)
    __rt_lib_init_getenv_1                   0x08000189   Thumb Code     0  libinit2.o(.ARM.Collect$$libinit$$00000023)
    __rt_lib_init_lc_numeric_1               0x08000189   Thumb Code     0  libinit2.o(.ARM.Collect$$libinit$$00000017)
    __rt_lib_init_lc_time_1                  0x08000189   Thumb Code     0  libinit2.o(.ARM.Collect$$libinit$$00000019)
    __rt_lib_init_return                     0x08000189   Thumb Code     0  libinit2.o(.ARM.Collect$$libinit$$00000033)
    __rt_lib_init_signal_1                   0x08000189   Thumb Code     0  libinit2.o(.ARM.Collect$$libinit$$0000001D)
    __rt_lib_init_stdio_1                    0x08000189   Thumb Code     0  libinit2.o(.ARM.Collect$$libinit$$00000025)
    __rt_lib_shutdown                        0x0800018b   Thumb Code     0  libshutdown.o(.ARM.Collect$$libshutdown$$00000000)
    __rt_lib_shutdown_cpp_1                  0x0800018d   Thumb Code     0  libshutdown2.o(.ARM.Collect$$libshutdown$$00000004)
    __rt_lib_shutdown_fini_1                 0x0800018d   Thumb Code     0  libshutdown2.o(.ARM.Collect$$libshutdown$$00000002)
    __rt_lib_shutdown_fp_trap_1              0x0800018d   Thumb Code     0  libshutdown2.o(.ARM.Collect$$libshutdown$$00000009)
    __rt_lib_shutdown_heap_1                 0x0800018d   Thumb Code     0  libshutdown2.o(.ARM.Collect$$libshutdown$$00000011)
    __rt_lib_shutdown_return                 0x0800018d   Thumb Code     0  libshutdown2.o(.ARM.Collect$$libshutdown$$00000012)
    __rt_lib_shutdown_signal_1               0x0800018d   Thumb Code     0  libshutdown2.o(.ARM.Collect$$libshutdown$$0000000C)
    __rt_lib_shutdown_stdio_1                0x0800018d   Thumb Code     0  libshutdown2.o(.ARM.Collect$$libshutdown$$00000006)
    __rt_lib_shutdown_user_alloc_1           0x0800018d   Thumb Code     0  libshutdown2.o(.ARM.Collect$$libshutdown$$0000000E)
    __rt_entry                               0x0800018f   Thumb Code     0  __rtentry.o(.ARM.Collect$$rtentry$$00000000)
    __rt_entry_presh_1                       0x0800018f   Thumb Code     0  __rtentry2.o(.ARM.Collect$$rtentry$$00000002)
    __rt_entry_sh                            0x0800018f   Thumb Code     0  __rtentry4.o(.ARM.Collect$$rtentry$$00000004)
    __rt_entry_li                            0x08000195   Thumb Code     0  __rtentry2.o(.ARM.Collect$$rtentry$$0000000A)
    __rt_entry_postsh_1                      0x08000195   Thumb Code     0  __rtentry2.o(.ARM.Collect$$rtentry$$00000009)
    __rt_entry_main                          0x08000199   Thumb Code     0  __rtentry2.o(.ARM.Collect$$rtentry$$0000000D)
    __rt_entry_postli_1                      0x08000199   Thumb Code     0  __rtentry2.o(.ARM.Collect$$rtentry$$0000000C)
    __rt_exit                                0x080001a1   Thumb Code     0  rtexit.o(.ARM.Collect$$rtexit$$00000000)
    __rt_exit_ls                             0x080001a3   Thumb Code     0  rtexit2.o(.ARM.Collect$$rtexit$$00000003)
    __rt_exit_prels_1                        0x080001a3   Thumb Code     0  rtexit2.o(.ARM.Collect$$rtexit$$00000002)
    __rt_exit_exit                           0x080001a7   Thumb Code     0  rtexit2.o(.ARM.Collect$$rtexit$$00000004)
    Reset_Handler                            0x080001ad   Thumb Code     8  startup_stm32f103xb.o(.text)
    ADC1_2_IRQHandler                        0x080001c7   Thumb Code     0  startup_stm32f103xb.o(.text)
    CAN1_RX1_IRQHandler                      0x080001c7   Thumb Code     0  startup_stm32f103xb.o(.text)
    CAN1_SCE_IRQHandler                      0x080001c7   Thumb Code     0  startup_stm32f103xb.o(.text)
    DMA1_Channel1_IRQHandler                 0x080001c7   Thumb Code     0  startup_stm32f103xb.o(.text)
    DMA1_Channel3_IRQHandler                 0x080001c7   Thumb Code     0  startup_stm32f103xb.o(.text)
    DMA1_Channel4_IRQHandler                 0x080001c7   Thumb Code     0  startup_stm32f103xb.o(.text)
    DMA1_Channel5_IRQHandler                 0x080001c7   Thumb Code     0  startup_stm32f103xb.o(.text)
    DMA1_Channel6_IRQHandler                 0x080001c7   Thumb Code     0  startup_stm32f103xb.o(.text)
    DMA1_Channel7_IRQHandler                 0x080001c7   Thumb Code     0  startup_stm32f103xb.o(.text)
    EXTI0_IRQHandler                         0x080001c7   Thumb Code     0  startup_stm32f103xb.o(.text)
    EXTI15_10_IRQHandler                     0x080001c7   Thumb Code     0  startup_stm32f103xb.o(.text)
    EXTI1_IRQHandler                         0x080001c7   Thumb Code     0  startup_stm32f103xb.o(.text)
    EXTI2_IRQHandler                         0x080001c7   Thumb Code     0  startup_stm32f103xb.o(.text)
    EXTI3_IRQHandler                         0x080001c7   Thumb Code     0  startup_stm32f103xb.o(.text)
    EXTI4_IRQHandler                         0x080001c7   Thumb Code     0  startup_stm32f103xb.o(.text)
    EXTI9_5_IRQHandler                       0x080001c7   Thumb Code     0  startup_stm32f103xb.o(.text)
    FLASH_IRQHandler                         0x080001c7   Thumb Code     0  startup_stm32f103xb.o(.text)
    I2C1_ER_IRQHandler                       0x080001c7   Thumb Code     0  startup_stm32f103xb.o(.text)
    I2C1_EV_IRQHandler                       0x080001c7   Thumb Code     0  startup_stm32f103xb.o(.text)
    I2C2_ER_IRQHandler                       0x080001c7   Thumb Code     0  startup_stm32f103xb.o(.text)
    I2C2_EV_IRQHandler                       0x080001c7   Thumb Code     0  startup_stm32f103xb.o(.text)
    PVD_IRQHandler                           0x080001c7   Thumb Code     0  startup_stm32f103xb.o(.text)
    RCC_IRQHandler                           0x080001c7   Thumb Code     0  startup_stm32f103xb.o(.text)
    RTC_Alarm_IRQHandler                     0x080001c7   Thumb Code     0  startup_stm32f103xb.o(.text)
    RTC_IRQHandler                           0x080001c7   Thumb Code     0  startup_stm32f103xb.o(.text)
    SPI2_IRQHandler                          0x080001c7   Thumb Code     0  startup_stm32f103xb.o(.text)
    TAMPER_IRQHandler                        0x080001c7   Thumb Code     0  startup_stm32f103xb.o(.text)
    TIM1_BRK_IRQHandler                      0x080001c7   Thumb Code     0  startup_stm32f103xb.o(.text)
    TIM1_CC_IRQHandler                       0x080001c7   Thumb Code     0  startup_stm32f103xb.o(.text)
    TIM1_TRG_COM_IRQHandler                  0x080001c7   Thumb Code     0  startup_stm32f103xb.o(.text)
    TIM1_UP_IRQHandler                       0x080001c7   Thumb Code     0  startup_stm32f103xb.o(.text)
    TIM2_IRQHandler                          0x080001c7   Thumb Code     0  startup_stm32f103xb.o(.text)
    TIM3_IRQHandler                          0x080001c7   Thumb Code     0  startup_stm32f103xb.o(.text)
    TIM4_IRQHandler                          0x080001c7   Thumb Code     0  startup_stm32f103xb.o(.text)
    USART1_IRQHandler                        0x080001c7   Thumb Code     0  startup_stm32f103xb.o(.text)
    USART2_IRQHandler                        0x080001c7   Thumb Code     0  startup_stm32f103xb.o(.text)
    USART3_IRQHandler                        0x080001c7   Thumb Code     0  startup_stm32f103xb.o(.text)
    USBWakeUp_IRQHandler                     0x080001c7   Thumb Code     0  startup_stm32f103xb.o(.text)
    USB_HP_CAN1_TX_IRQHandler                0x080001c7   Thumb Code     0  startup_stm32f103xb.o(.text)
    USB_LP_CAN1_RX0_IRQHandler               0x080001c7   Thumb Code     0  startup_stm32f103xb.o(.text)
    WWDG_IRQHandler                          0x080001c7   Thumb Code     0  startup_stm32f103xb.o(.text)
    __user_initial_stackheap                 0x080001c9   Thumb Code     0  startup_stm32f103xb.o(.text)
    __aeabi_llsr                             0x080001ed   Thumb Code     0  llushr.o(.text)
    _ll_ushift_r                             0x080001ed   Thumb Code    38  llushr.o(.text)
    __2sprintf                               0x08000215   Thumb Code    34  noretval__2sprintf.o(.text)
    _printf_int_dec                          0x0800023d   Thumb Code   104  _printf_dec.o(.text)
    __printf                                 0x080002b5   Thumb Code   270  __printf_wp.o(.text)
    __aeabi_memclr4                          0x080003c3   Thumb Code     0  rt_memclr_w.o(.text)
    __aeabi_memclr8                          0x080003c3   Thumb Code     0  rt_memclr_w.o(.text)
    __rt_memclr_w                            0x080003c3   Thumb Code    78  rt_memclr_w.o(.text)
    _memset_w                                0x080003c7   Thumb Code     0  rt_memclr_w.o(.text)
    __use_two_region_memory                  0x08000411   Thumb Code     2  heapauxi.o(.text)
    __rt_heap_escrow$2region                 0x08000413   Thumb Code     2  heapauxi.o(.text)
    __rt_heap_expand$2region                 0x08000415   Thumb Code     2  heapauxi.o(.text)
    _printf_int_common                       0x08000417   Thumb Code   178  _printf_intcommon.o(.text)
    __lib_sel_fp_printf                      0x080004c9   Thumb Code     2  _printf_fp_dec.o(.text)
    _printf_fp_dec_real                      0x0800067b   Thumb Code   620  _printf_fp_dec.o(.text)
    _printf_char_common                      0x080008f3   Thumb Code    32  _printf_char_common.o(.text)
    _sputc                                   0x08000919   Thumb Code    10  _sputc.o(.text)
    __rt_locale                              0x08000925   Thumb Code     8  rt_locale_intlibspace.o(.text)
    _ll_udiv10                               0x0800092d   Thumb Code   138  lludiv10.o(.text)
    _printf_fp_infnan                        0x080009b9   Thumb Code   112  _printf_fp_infnan.o(.text)
    _btod_etento                             0x08000a39   Thumb Code   224  bigflt0.o(.text)
    __user_libspace                          0x08000b1d   Thumb Code     8  libspace.o(.text)
    __user_perproc_libspace                  0x08000b1d   Thumb Code     0  libspace.o(.text)
    __user_perthread_libspace                0x08000b1d   Thumb Code     0  libspace.o(.text)
    __user_setup_stackheap                   0x08000b25   Thumb Code    74  sys_stackheap_outer.o(.text)
    exit                                     0x08000b6f   Thumb Code    18  exit.o(.text)
    strcmp                                   0x08000b81   Thumb Code   128  strcmpv7m.o(.text)
    _sys_exit                                0x08000c01   Thumb Code     8  sys_exit.o(.text)
    __I$use$semihosting                      0x08000c0d   Thumb Code     0  use_no_semi.o(.text)
    __use_no_semihosting_swi                 0x08000c0d   Thumb Code     2  use_no_semi.o(.text)
    __semihosting_library_function           0x08000c0f   Thumb Code     0  indicate_semi.o(.text)
    _btod_d2e                                0x08000c0f   Thumb Code    62  btod.o(CL$$btod_d2e)
    _d2e_denorm_low                          0x08000c4d   Thumb Code    70  btod.o(CL$$btod_d2e_denorm_low)
    _d2e_norm_op1                            0x08000c93   Thumb Code    96  btod.o(CL$$btod_d2e_norm_op1)
    __btod_div_common                        0x08000cf3   Thumb Code   696  btod.o(CL$$btod_div_common)
    _e2e                                     0x0800102b   Thumb Code   220  btod.o(CL$$btod_e2e)
    _btod_ediv                               0x08001107   Thumb Code    42  btod.o(CL$$btod_ediv)
    _btod_emul                               0x08001131   Thumb Code    42  btod.o(CL$$btod_emul)
    __btod_mult_common                       0x0800115b   Thumb Code   580  btod.o(CL$$btod_mult_common)
    BusFault_Handler                         0x0800139f   Thumb Code     2  stm32f1xx_it.o(i.BusFault_Handler)
    DMA1_Channel2_IRQHandler                 0x080013a1   Thumb Code     6  stm32f1xx_it.o(i.DMA1_Channel2_IRQHandler)
    DebugMon_Handler                         0x080013d7   Thumb Code     2  stm32f1xx_it.o(i.DebugMon_Handler)
    Error_Handler                            0x080013d9   Thumb Code     4  main.o(i.Error_Handler)
    FLASH_PageErase                          0x08001401   Thumb Code    28  stm32f1xx_hal_flash_ex.o(i.FLASH_PageErase)
    FLASH_WaitForLastOperation               0x0800149d   Thumb Code    80  stm32f1xx_hal_flash.o(i.FLASH_WaitForLastOperation)
    Flash_Write_Data                         0x080014f1   Thumb Code   104  ee.o(i.Flash_Write_Data)
    HAL_DMA_Abort_IT                         0x0800158d   Thumb Code   148  stm32f1xx_hal_dma.o(i.HAL_DMA_Abort_IT)
    HAL_DMA_IRQHandler                       0x08001625   Thumb Code   316  stm32f1xx_hal_dma.o(i.HAL_DMA_IRQHandler)
    HAL_DMA_Init                             0x08001779   Thumb Code    84  stm32f1xx_hal_dma.o(i.HAL_DMA_Init)
    HAL_DMA_Start_IT                         0x080017d5   Thumb Code   112  stm32f1xx_hal_dma.o(i.HAL_DMA_Start_IT)
    HAL_Delay                                0x08001845   Thumb Code    32  stm32f1xx_hal.o(i.HAL_Delay)
    HAL_FLASHEx_Erase                        0x08001869   Thumb Code   160  stm32f1xx_hal_flash_ex.o(i.HAL_FLASHEx_Erase)
    HAL_FLASH_GetError                       0x08001911   Thumb Code     6  stm32f1xx_hal_flash.o(i.HAL_FLASH_GetError)
    HAL_FLASH_Lock                           0x0800191d   Thumb Code    14  stm32f1xx_hal_flash.o(i.HAL_FLASH_Lock)
    HAL_FLASH_Program                        0x08001931   Thumb Code   120  stm32f1xx_hal_flash.o(i.HAL_FLASH_Program)
    HAL_FLASH_Unlock                         0x080019b1   Thumb Code    28  stm32f1xx_hal_flash.o(i.HAL_FLASH_Unlock)
    HAL_GPIO_Init                            0x080019d9   Thumb Code   446  stm32f1xx_hal_gpio.o(i.HAL_GPIO_Init)
    HAL_GPIO_ReadPin                         0x08001bb9   Thumb Code    10  stm32f1xx_hal_gpio.o(i.HAL_GPIO_ReadPin)
    HAL_GPIO_WritePin                        0x08001bc3   Thumb Code    10  stm32f1xx_hal_gpio.o(i.HAL_GPIO_WritePin)
    HAL_GetTick                              0x08001bcd   Thumb Code     6  stm32f1xx_hal.o(i.HAL_GetTick)
    HAL_I2C_Init                             0x08001bd9   Thumb Code   376  stm32f1xx_hal_i2c.o(i.HAL_I2C_Init)
    HAL_I2C_Master_Transmit                  0x08001d61   Thumb Code   290  stm32f1xx_hal_i2c.o(i.HAL_I2C_Master_Transmit)
    HAL_I2C_MspInit                          0x08001e8d   Thumb Code    96  stm32f1xx_hal_msp.o(i.HAL_I2C_MspInit)
    HAL_IncTick                              0x08001efd   Thumb Code    12  stm32f1xx_hal.o(i.HAL_IncTick)
    HAL_Init                                 0x08001f0d   Thumb Code    32  stm32f1xx_hal.o(i.HAL_Init)
    HAL_InitTick                             0x08001f31   Thumb Code    54  stm32f1xx_hal.o(i.HAL_InitTick)
    HAL_MspInit                              0x08001f71   Thumb Code    52  stm32f1xx_hal_msp.o(i.HAL_MspInit)
    HAL_NVIC_EnableIRQ                       0x08001fad   Thumb Code    26  stm32f1xx_hal_cortex.o(i.HAL_NVIC_EnableIRQ)
    HAL_NVIC_SetPriority                     0x08001fc9   Thumb Code    60  stm32f1xx_hal_cortex.o(i.HAL_NVIC_SetPriority)
    HAL_NVIC_SetPriorityGrouping             0x08002009   Thumb Code    26  stm32f1xx_hal_cortex.o(i.HAL_NVIC_SetPriorityGrouping)
    HAL_RCC_ClockConfig                      0x0800202d   Thumb Code   280  stm32f1xx_hal_rcc.o(i.HAL_RCC_ClockConfig)
    HAL_RCC_GetPCLK1Freq                     0x08002159   Thumb Code    20  stm32f1xx_hal_rcc.o(i.HAL_RCC_GetPCLK1Freq)
    HAL_RCC_GetSysClockFreq                  0x08002179   Thumb Code    58  stm32f1xx_hal_rcc.o(i.HAL_RCC_GetSysClockFreq)
    HAL_RCC_OscConfig                        0x080021c5   Thumb Code   778  stm32f1xx_hal_rcc.o(i.HAL_RCC_OscConfig)
    HAL_SPI_ErrorCallback                    0x080024e5   Thumb Code     2  stm32f1xx_hal_spi.o(i.HAL_SPI_ErrorCallback)
    HAL_SPI_IRQHandler                       0x080024e9   Thumb Code   220  stm32f1xx_hal_spi.o(i.HAL_SPI_IRQHandler)
    HAL_SPI_Init                             0x080025c9   Thumb Code   178  stm32f1xx_hal_spi.o(i.HAL_SPI_Init)
    HAL_SPI_MspInit                          0x0800267d   Thumb Code   170  stm32f1xx_hal_msp.o(i.HAL_SPI_MspInit)
    HAL_SPI_Receive_DMA                      0x08002741   Thumb Code   222  stm32f1xx_hal_spi.o(i.HAL_SPI_Receive_DMA)
    HAL_SPI_RxCpltCallback                   0x0800282d   Thumb Code    26  main.o(i.HAL_SPI_RxCpltCallback)
    HAL_SPI_RxHalfCpltCallback               0x08002851   Thumb Code     2  stm32f1xx_hal_spi.o(i.HAL_SPI_RxHalfCpltCallback)
    HAL_SPI_TransmitReceive_DMA              0x08002855   Thumb Code   256  stm32f1xx_hal_spi.o(i.HAL_SPI_TransmitReceive_DMA)
    HAL_SPI_TxRxCpltCallback                 0x08002969   Thumb Code     2  stm32f1xx_hal_spi.o(i.HAL_SPI_TxRxCpltCallback)
    HAL_SPI_TxRxHalfCpltCallback             0x0800296b   Thumb Code     2  stm32f1xx_hal_spi.o(i.HAL_SPI_TxRxHalfCpltCallback)
    HAL_SYSTICK_Config                       0x0800296d   Thumb Code    40  stm32f1xx_hal_cortex.o(i.HAL_SYSTICK_Config)
    HardFault_Handler                        0x08002995   Thumb Code     2  stm32f1xx_it.o(i.HardFault_Handler)
    MemManage_Handler                        0x08002d19   Thumb Code     2  stm32f1xx_it.o(i.MemManage_Handler)
    NMI_Handler                              0x08002d1b   Thumb Code     2  stm32f1xx_it.o(i.NMI_Handler)
    PendSV_Handler                           0x08002d1d   Thumb Code     2  stm32f1xx_it.o(i.PendSV_Handler)
    SPI1_IRQHandler                          0x08002d21   Thumb Code     6  stm32f1xx_it.o(i.SPI1_IRQHandler)
    SVC_Handler                              0x08002f6d   Thumb Code     2  stm32f1xx_it.o(i.SVC_Handler)
    SysTick_Handler                          0x08002f6f   Thumb Code     4  stm32f1xx_it.o(i.SysTick_Handler)
    SystemClock_Config                       0x08002f73   Thumb Code    94  main.o(i.SystemClock_Config)
    SystemInit                               0x08002fd1   Thumb Code     2  system_stm32f1xx.o(i.SystemInit)
    UsageFault_Handler                       0x08002fd3   Thumb Code     2  stm32f1xx_it.o(i.UsageFault_Handler)
    __ARM_fpclassify                         0x08002fd5   Thumb Code    40  fpclassify.o(i.__ARM_fpclassify)
    _is_digit                                0x0800301d   Thumb Code    14  __printf_wp.o(i._is_digit)
    displayDataOnLCD                         0x0800302d   Thumb Code  3336  main.o(i.displayDataOnLCD)
    komunikasi_remot_init                    0x08003d49   Thumb Code     6  komunikasi_remot.o(i.komunikasi_remot_init)
    lcd_clear                                0x08003d55   Thumb Code    24  i2c-lcd.o(i.lcd_clear)
    lcd_init                                 0x08003d6d   Thumb Code    82  i2c-lcd.o(i.lcd_init)
    lcd_put_cur                              0x08003dc5   Thumb Code    24  i2c-lcd.o(i.lcd_put_cur)
    lcd_send_cmd                             0x08003ddd   Thumb Code    54  i2c-lcd.o(i.lcd_send_cmd)
    lcd_send_data                            0x08003e19   Thumb Code    54  i2c-lcd.o(i.lcd_send_data)
    lcd_send_string                          0x08003e55   Thumb Code    20  i2c-lcd.o(i.lcd_send_string)
    main                                     0x08003e69   Thumb Code   150  main.o(i.main)
    readFromEE                               0x08003f19   Thumb Code    28  main.o(i.readFromEE)
    read_flash_memory                        0x08003f41   Thumb Code    18  ee.o(i.read_flash_memory)
    receive_all                              0x08003f55   Thumb Code  2354  komunikasi_remot.o(i.receive_all)
    writeToEEPROM                            0x08004889   Thumb Code   186  main.o(i.writeToEEPROM)
    _get_lc_numeric                          0x08004951   Thumb Code    44  lc_numeric_c.o(locale$$code)
    _printf_fp_dec                           0x0800497d   Thumb Code     4  printf1.o(x$fpl$printf1)
    __I$use$fp                               0x08004980   Number         0  usenofp.o(x$fpl$usenofp)
    AHBPrescTable                            0x08004992   Data          16  system_stm32f1xx.o(.constdata)
    APBPrescTable                            0x080049a2   Data           8  system_stm32f1xx.o(.constdata)
    Region$$Table$$Base                      0x08004a40   Number         0  anon$$obj.o(Region$$Table)
    Region$$Table$$Limit                     0x08004a60   Number         0  anon$$obj.o(Region$$Table)
    buff_tx                                  0x20000004   Data           4  i2c-lcd.o(.data)
    room_step                                0x2000000c   Data           2  main.o(.data)
    kategori                                 0x20000010   Data           4  main.o(.data)
    page_sensor                              0x20000014   Data           4  main.o(.data)
    page_pos_kaki                            0x20000018   Data           4  main.o(.data)
    page_angle_kaki                          0x2000001c   Data           4  main.o(.data)
    mode                                     0x20000020   Data           4  main.o(.data)
    count                                    0x20000024   Data           4  main.o(.data)
    uwTickFreq                               0x20000028   Data           1  stm32f1xx_hal.o(.data)
    uwTickPrio                               0x2000002c   Data           4  stm32f1xx_hal.o(.data)
    uwTick                                   0x20000030   Data           4  stm32f1xx_hal.o(.data)
    SystemCoreClock                          0x20000034   Data           4  system_stm32f1xx.o(.data)
    angle_kaki                               0x200000e0   Data          72  main.o(.bss)
    pos_kaki                                 0x20000128   Data         144  main.o(.bss)
    ping                                     0x200001b8   Data          48  main.o(.bss)
    gyro                                     0x200001e8   Data          24  main.o(.bss)
    angle_saved_array_8bit                   0x20000200   Data          72  main.o(.bss)
    jarak_gyro_saved_8bit                    0x20000248   Data          72  main.o(.bss)
    jarak_gyro_array                         0x20000290   Data          72  main.o(.bss)
    hi2c1                                    0x200002d8   Data          84  main.o(.bss)
    hspi1                                    0x2000032c   Data          88  main.o(.bss)
    hdma_spi1_rx                             0x20000384   Data          68  main.o(.bss)
    pFlash                                   0x200003c8   Data          32  stm32f1xx_hal_flash.o(.bss)
    __libspace_start                         0x200003e8   Data          96  libspace.o(.bss)
    __temporary_stack_top$libspace           0x20000448   Data           0  libspace.o(.bss)



==============================================================================

Memory Map of the image

  Image Entry point : 0x080000ed

  Load Region LR_IROM1 (Base: 0x08000000, Size: 0x00004ab4, Max: 0x00010000, ABSOLUTE)

    Execution Region ER_IROM1 (Exec base: 0x08000000, Load base: 0x08000000, Size: 0x00004a7c, Max: 0x00010000, ABSOLUTE)

    Exec Addr    Load Addr    Size         Type   Attr      Idx    E Section Name        Object

    0x08000000   0x08000000   0x000000ec   Data   RO            3    RESET               startup_stm32f103xb.o
    0x080000ec   0x080000ec   0x00000008   Code   RO         2463  * !!!main             c_w.l(__main.o)
    0x080000f4   0x080000f4   0x00000034   Code   RO         2679    !!!scatter          c_w.l(__scatter.o)
    0x08000128   0x08000128   0x0000001a   Code   RO         2681    !!handler_copy      c_w.l(__scatter_copy.o)
    0x08000142   0x08000142   0x00000002   PAD
    0x08000144   0x08000144   0x0000001c   Code   RO         2683    !!handler_zi        c_w.l(__scatter_zi.o)
    0x08000160   0x08000160   0x00000000   Code   RO         2458    .ARM.Collect$$_printf_percent$$00000000  c_w.l(_printf_percent.o)
    0x08000160   0x08000160   0x00000006   Code   RO         2457    .ARM.Collect$$_printf_percent$$00000003  c_w.l(_printf_f.o)
    0x08000166   0x08000166   0x00000006   Code   RO         2455    .ARM.Collect$$_printf_percent$$00000009  c_w.l(_printf_d.o)
    0x0800016c   0x0800016c   0x00000006   Code   RO         2456    .ARM.Collect$$_printf_percent$$0000000A  c_w.l(_printf_u.o)
    0x08000172   0x08000172   0x00000004   Code   RO         2476    .ARM.Collect$$_printf_percent$$00000017  c_w.l(_printf_percent_end.o)
    0x08000176   0x08000176   0x00000002   Code   RO         2550    .ARM.Collect$$libinit$$00000000  c_w.l(libinit.o)
    0x08000178   0x08000178   0x00000000   Code   RO         2552    .ARM.Collect$$libinit$$00000002  c_w.l(libinit2.o)
    0x08000178   0x08000178   0x00000000   Code   RO         2554    .ARM.Collect$$libinit$$00000004  c_w.l(libinit2.o)
    0x08000178   0x08000178   0x00000000   Code   RO         2557    .ARM.Collect$$libinit$$0000000A  c_w.l(libinit2.o)
    0x08000178   0x08000178   0x00000000   Code   RO         2559    .ARM.Collect$$libinit$$0000000C  c_w.l(libinit2.o)
    0x08000178   0x08000178   0x00000000   Code   RO         2561    .ARM.Collect$$libinit$$0000000E  c_w.l(libinit2.o)
    0x08000178   0x08000178   0x00000006   Code   RO         2562    .ARM.Collect$$libinit$$0000000F  c_w.l(libinit2.o)
    0x0800017e   0x0800017e   0x00000000   Code   RO         2564    .ARM.Collect$$libinit$$00000011  c_w.l(libinit2.o)
    0x0800017e   0x0800017e   0x00000000   Code   RO         2566    .ARM.Collect$$libinit$$00000013  c_w.l(libinit2.o)
    0x0800017e   0x0800017e   0x00000000   Code   RO         2568    .ARM.Collect$$libinit$$00000015  c_w.l(libinit2.o)
    0x0800017e   0x0800017e   0x0000000a   Code   RO         2569    .ARM.Collect$$libinit$$00000016  c_w.l(libinit2.o)
    0x08000188   0x08000188   0x00000000   Code   RO         2570    .ARM.Collect$$libinit$$00000017  c_w.l(libinit2.o)
    0x08000188   0x08000188   0x00000000   Code   RO         2572    .ARM.Collect$$libinit$$00000019  c_w.l(libinit2.o)
    0x08000188   0x08000188   0x00000000   Code   RO         2574    .ARM.Collect$$libinit$$0000001B  c_w.l(libinit2.o)
    0x08000188   0x08000188   0x00000000   Code   RO         2576    .ARM.Collect$$libinit$$0000001D  c_w.l(libinit2.o)
    0x08000188   0x08000188   0x00000000   Code   RO         2578    .ARM.Collect$$libinit$$0000001F  c_w.l(libinit2.o)
    0x08000188   0x08000188   0x00000000   Code   RO         2580    .ARM.Collect$$libinit$$00000021  c_w.l(libinit2.o)
    0x08000188   0x08000188   0x00000000   Code   RO         2582    .ARM.Collect$$libinit$$00000023  c_w.l(libinit2.o)
    0x08000188   0x08000188   0x00000000   Code   RO         2584    .ARM.Collect$$libinit$$00000025  c_w.l(libinit2.o)
    0x08000188   0x08000188   0x00000000   Code   RO         2588    .ARM.Collect$$libinit$$0000002C  c_w.l(libinit2.o)
    0x08000188   0x08000188   0x00000000   Code   RO         2590    .ARM.Collect$$libinit$$0000002E  c_w.l(libinit2.o)
    0x08000188   0x08000188   0x00000000   Code   RO         2592    .ARM.Collect$$libinit$$00000030  c_w.l(libinit2.o)
    0x08000188   0x08000188   0x00000000   Code   RO         2594    .ARM.Collect$$libinit$$00000032  c_w.l(libinit2.o)
    0x08000188   0x08000188   0x00000002   Code   RO         2595    .ARM.Collect$$libinit$$00000033  c_w.l(libinit2.o)
    0x0800018a   0x0800018a   0x00000002   Code   RO         2625    .ARM.Collect$$libshutdown$$00000000  c_w.l(libshutdown.o)
    0x0800018c   0x0800018c   0x00000000   Code   RO         2636    .ARM.Collect$$libshutdown$$00000002  c_w.l(libshutdown2.o)
    0x0800018c   0x0800018c   0x00000000   Code   RO         2638    .ARM.Collect$$libshutdown$$00000004  c_w.l(libshutdown2.o)
    0x0800018c   0x0800018c   0x00000000   Code   RO         2640    .ARM.Collect$$libshutdown$$00000006  c_w.l(libshutdown2.o)
    0x0800018c   0x0800018c   0x00000000   Code   RO         2643    .ARM.Collect$$libshutdown$$00000009  c_w.l(libshutdown2.o)
    0x0800018c   0x0800018c   0x00000000   Code   RO         2646    .ARM.Collect$$libshutdown$$0000000C  c_w.l(libshutdown2.o)
    0x0800018c   0x0800018c   0x00000000   Code   RO         2648    .ARM.Collect$$libshutdown$$0000000E  c_w.l(libshutdown2.o)
    0x0800018c   0x0800018c   0x00000000   Code   RO         2651    .ARM.Collect$$libshutdown$$00000011  c_w.l(libshutdown2.o)
    0x0800018c   0x0800018c   0x00000002   Code   RO         2652    .ARM.Collect$$libshutdown$$00000012  c_w.l(libshutdown2.o)
    0x0800018e   0x0800018e   0x00000000   Code   RO         2467    .ARM.Collect$$rtentry$$00000000  c_w.l(__rtentry.o)
    0x0800018e   0x0800018e   0x00000000   Code   RO         2478    .ARM.Collect$$rtentry$$00000002  c_w.l(__rtentry2.o)
    0x0800018e   0x0800018e   0x00000006   Code   RO         2490    .ARM.Collect$$rtentry$$00000004  c_w.l(__rtentry4.o)
    0x08000194   0x08000194   0x00000000   Code   RO         2480    .ARM.Collect$$rtentry$$00000009  c_w.l(__rtentry2.o)
    0x08000194   0x08000194   0x00000004   Code   RO         2481    .ARM.Collect$$rtentry$$0000000A  c_w.l(__rtentry2.o)
    0x08000198   0x08000198   0x00000000   Code   RO         2483    .ARM.Collect$$rtentry$$0000000C  c_w.l(__rtentry2.o)
    0x08000198   0x08000198   0x00000008   Code   RO         2484    .ARM.Collect$$rtentry$$0000000D  c_w.l(__rtentry2.o)
    0x080001a0   0x080001a0   0x00000002   Code   RO         2596    .ARM.Collect$$rtexit$$00000000  c_w.l(rtexit.o)
    0x080001a2   0x080001a2   0x00000000   Code   RO         2603    .ARM.Collect$$rtexit$$00000002  c_w.l(rtexit2.o)
    0x080001a2   0x080001a2   0x00000004   Code   RO         2604    .ARM.Collect$$rtexit$$00000003  c_w.l(rtexit2.o)
    0x080001a6   0x080001a6   0x00000006   Code   RO         2605    .ARM.Collect$$rtexit$$00000004  c_w.l(rtexit2.o)
    0x080001ac   0x080001ac   0x00000040   Code   RO            4    .text               startup_stm32f103xb.o
    0x080001ec   0x080001ec   0x00000026   Code   RO         2425    .text               c_w.l(llushr.o)
    0x08000212   0x08000212   0x00000002   PAD
    0x08000214   0x08000214   0x00000028   Code   RO         2429    .text               c_w.l(noretval__2sprintf.o)
    0x0800023c   0x0800023c   0x00000078   Code   RO         2433    .text               c_w.l(_printf_dec.o)
    0x080002b4   0x080002b4   0x0000010e   Code   RO         2443    .text               c_w.l(__printf_wp.o)
    0x080003c2   0x080003c2   0x0000004e   Code   RO         2459    .text               c_w.l(rt_memclr_w.o)
    0x08000410   0x08000410   0x00000006   Code   RO         2461    .text               c_w.l(heapauxi.o)
    0x08000416   0x08000416   0x000000b2   Code   RO         2468    .text               c_w.l(_printf_intcommon.o)
    0x080004c8   0x080004c8   0x0000041e   Code   RO         2470    .text               c_w.l(_printf_fp_dec.o)
    0x080008e6   0x080008e6   0x00000002   PAD
    0x080008e8   0x080008e8   0x00000030   Code   RO         2472    .text               c_w.l(_printf_char_common.o)
    0x08000918   0x08000918   0x0000000a   Code   RO         2474    .text               c_w.l(_sputc.o)
    0x08000922   0x08000922   0x00000002   PAD
    0x08000924   0x08000924   0x00000008   Code   RO         2495    .text               c_w.l(rt_locale_intlibspace.o)
    0x0800092c   0x0800092c   0x0000008a   Code   RO         2497    .text               c_w.l(lludiv10.o)
    0x080009b6   0x080009b6   0x00000002   PAD
    0x080009b8   0x080009b8   0x00000080   Code   RO         2499    .text               c_w.l(_printf_fp_infnan.o)
    0x08000a38   0x08000a38   0x000000e4   Code   RO         2503    .text               c_w.l(bigflt0.o)
    0x08000b1c   0x08000b1c   0x00000008   Code   RO         2536    .text               c_w.l(libspace.o)
    0x08000b24   0x08000b24   0x0000004a   Code   RO         2539    .text               c_w.l(sys_stackheap_outer.o)
    0x08000b6e   0x08000b6e   0x00000012   Code   RO         2541    .text               c_w.l(exit.o)
    0x08000b80   0x08000b80   0x00000080   Code   RO         2543    .text               c_w.l(strcmpv7m.o)
    0x08000c00   0x08000c00   0x0000000c   Code   RO         2615    .text               c_w.l(sys_exit.o)
    0x08000c0c   0x08000c0c   0x00000002   Code   RO         2626    .text               c_w.l(use_no_semi.o)
    0x08000c0e   0x08000c0e   0x00000000   Code   RO         2628    .text               c_w.l(indicate_semi.o)
    0x08000c0e   0x08000c0e   0x0000003e   Code   RO         2506    CL$$btod_d2e        c_w.l(btod.o)
    0x08000c4c   0x08000c4c   0x00000046   Code   RO         2508    CL$$btod_d2e_denorm_low  c_w.l(btod.o)
    0x08000c92   0x08000c92   0x00000060   Code   RO         2507    CL$$btod_d2e_norm_op1  c_w.l(btod.o)
    0x08000cf2   0x08000cf2   0x00000338   Code   RO         2516    CL$$btod_div_common  c_w.l(btod.o)
    0x0800102a   0x0800102a   0x000000dc   Code   RO         2513    CL$$btod_e2e        c_w.l(btod.o)
    0x08001106   0x08001106   0x0000002a   Code   RO         2510    CL$$btod_ediv       c_w.l(btod.o)
    0x08001130   0x08001130   0x0000002a   Code   RO         2509    CL$$btod_emul       c_w.l(btod.o)
    0x0800115a   0x0800115a   0x00000244   Code   RO         2515    CL$$btod_mult_common  c_w.l(btod.o)
    0x0800139e   0x0800139e   0x00000002   Code   RO          443    i.BusFault_Handler  stm32f1xx_it.o
    0x080013a0   0x080013a0   0x0000000c   Code   RO          444    i.DMA1_Channel2_IRQHandler  stm32f1xx_it.o
    0x080013ac   0x080013ac   0x0000002a   Code   RO         1433    i.DMA_SetConfig     stm32f1xx_hal_dma.o
    0x080013d6   0x080013d6   0x00000002   Code   RO          445    i.DebugMon_Handler  stm32f1xx_it.o
    0x080013d8   0x080013d8   0x00000004   Code   RO          275    i.Error_Handler     main.o
    0x080013dc   0x080013dc   0x00000024   Code   RO         1873    i.FLASH_MassErase   stm32f1xx_hal_flash_ex.o
    0x08001400   0x08001400   0x00000024   Code   RO         1878    i.FLASH_PageErase   stm32f1xx_hal_flash_ex.o
    0x08001424   0x08001424   0x0000001c   Code   RO         1770    i.FLASH_Program_HalfWord  stm32f1xx_hal_flash.o
    0x08001440   0x08001440   0x0000005c   Code   RO         1771    i.FLASH_SetErrorCode  stm32f1xx_hal_flash.o
    0x0800149c   0x0800149c   0x00000054   Code   RO         1772    i.FLASH_WaitForLastOperation  stm32f1xx_hal_flash.o
    0x080014f0   0x080014f0   0x0000006c   Code   RO           14    i.Flash_Write_Data  ee.o
    0x0800155c   0x0800155c   0x00000030   Code   RO           15    i.GetPage           ee.o
    0x0800158c   0x0800158c   0x00000098   Code   RO         1435    i.HAL_DMA_Abort_IT  stm32f1xx_hal_dma.o
    0x08001624   0x08001624   0x00000154   Code   RO         1439    i.HAL_DMA_IRQHandler  stm32f1xx_hal_dma.o
    0x08001778   0x08001778   0x0000005c   Code   RO         1440    i.HAL_DMA_Init      stm32f1xx_hal_dma.o
    0x080017d4   0x080017d4   0x00000070   Code   RO         1444    i.HAL_DMA_Start_IT  stm32f1xx_hal_dma.o
    0x08001844   0x08001844   0x00000024   Code   RO         1060    i.HAL_Delay         stm32f1xx_hal.o
    0x08001868   0x08001868   0x000000a8   Code   RO         1879    i.HAL_FLASHEx_Erase  stm32f1xx_hal_flash_ex.o
    0x08001910   0x08001910   0x0000000c   Code   RO         1774    i.HAL_FLASH_GetError  stm32f1xx_hal_flash.o
    0x0800191c   0x0800191c   0x00000014   Code   RO         1776    i.HAL_FLASH_Lock    stm32f1xx_hal_flash.o
    0x08001930   0x08001930   0x00000080   Code   RO         1781    i.HAL_FLASH_Program  stm32f1xx_hal_flash.o
    0x080019b0   0x080019b0   0x00000028   Code   RO         1783    i.HAL_FLASH_Unlock  stm32f1xx_hal_flash.o
    0x080019d8   0x080019d8   0x000001e0   Code   RO         1370    i.HAL_GPIO_Init     stm32f1xx_hal_gpio.o
    0x08001bb8   0x08001bb8   0x0000000a   Code   RO         1372    i.HAL_GPIO_ReadPin  stm32f1xx_hal_gpio.o
    0x08001bc2   0x08001bc2   0x0000000a   Code   RO         1374    i.HAL_GPIO_WritePin  stm32f1xx_hal_gpio.o
    0x08001bcc   0x08001bcc   0x0000000c   Code   RO         1064    i.HAL_GetTick       stm32f1xx_hal.o
    0x08001bd8   0x08001bd8   0x00000188   Code   RO          627    i.HAL_I2C_Init      stm32f1xx_hal_i2c.o
    0x08001d60   0x08001d60   0x0000012c   Code   RO          640    i.HAL_I2C_Master_Transmit  stm32f1xx_hal_i2c.o
    0x08001e8c   0x08001e8c   0x00000070   Code   RO          532    i.HAL_I2C_MspInit   stm32f1xx_hal_msp.o
    0x08001efc   0x08001efc   0x00000010   Code   RO         1070    i.HAL_IncTick       stm32f1xx_hal.o
    0x08001f0c   0x08001f0c   0x00000024   Code   RO         1071    i.HAL_Init          stm32f1xx_hal.o
    0x08001f30   0x08001f30   0x00000040   Code   RO         1072    i.HAL_InitTick      stm32f1xx_hal.o
    0x08001f70   0x08001f70   0x0000003c   Code   RO          533    i.HAL_MspInit       stm32f1xx_hal_msp.o
    0x08001fac   0x08001fac   0x0000001a   Code   RO         1530    i.HAL_NVIC_EnableIRQ  stm32f1xx_hal_cortex.o
    0x08001fc6   0x08001fc6   0x00000002   PAD
    0x08001fc8   0x08001fc8   0x00000040   Code   RO         1536    i.HAL_NVIC_SetPriority  stm32f1xx_hal_cortex.o
    0x08002008   0x08002008   0x00000024   Code   RO         1537    i.HAL_NVIC_SetPriorityGrouping  stm32f1xx_hal_cortex.o
    0x0800202c   0x0800202c   0x0000012c   Code   RO         1228    i.HAL_RCC_ClockConfig  stm32f1xx_hal_rcc.o
    0x08002158   0x08002158   0x00000020   Code   RO         1235    i.HAL_RCC_GetPCLK1Freq  stm32f1xx_hal_rcc.o
    0x08002178   0x08002178   0x0000004c   Code   RO         1237    i.HAL_RCC_GetSysClockFreq  stm32f1xx_hal_rcc.o
    0x080021c4   0x080021c4   0x00000320   Code   RO         1240    i.HAL_RCC_OscConfig  stm32f1xx_hal_rcc.o
    0x080024e4   0x080024e4   0x00000002   Code   RO         2037    i.HAL_SPI_ErrorCallback  stm32f1xx_hal_spi.o
    0x080024e6   0x080024e6   0x00000002   PAD
    0x080024e8   0x080024e8   0x000000e0   Code   RO         2040    i.HAL_SPI_IRQHandler  stm32f1xx_hal_spi.o
    0x080025c8   0x080025c8   0x000000b2   Code   RO         2041    i.HAL_SPI_Init      stm32f1xx_hal_spi.o
    0x0800267a   0x0800267a   0x00000002   PAD
    0x0800267c   0x0800267c   0x000000c4   Code   RO          535    i.HAL_SPI_MspInit   stm32f1xx_hal_msp.o
    0x08002740   0x08002740   0x000000ec   Code   RO         2045    i.HAL_SPI_Receive_DMA  stm32f1xx_hal_spi.o
    0x0800282c   0x0800282c   0x00000024   Code   RO          276    i.HAL_SPI_RxCpltCallback  main.o
    0x08002850   0x08002850   0x00000002   Code   RO         2048    i.HAL_SPI_RxHalfCpltCallback  stm32f1xx_hal_spi.o
    0x08002852   0x08002852   0x00000002   PAD
    0x08002854   0x08002854   0x00000114   Code   RO         2051    i.HAL_SPI_TransmitReceive_DMA  stm32f1xx_hal_spi.o
    0x08002968   0x08002968   0x00000002   Code   RO         2057    i.HAL_SPI_TxRxCpltCallback  stm32f1xx_hal_spi.o
    0x0800296a   0x0800296a   0x00000002   Code   RO         2058    i.HAL_SPI_TxRxHalfCpltCallback  stm32f1xx_hal_spi.o
    0x0800296c   0x0800296c   0x00000028   Code   RO         1541    i.HAL_SYSTICK_Config  stm32f1xx_hal_cortex.o
    0x08002994   0x08002994   0x00000002   Code   RO          446    i.HardFault_Handler  stm32f1xx_it.o
    0x08002996   0x08002996   0x0000002e   Code   RO          670    i.I2C_IsAcknowledgeFailed  stm32f1xx_hal_i2c.o
    0x080029c4   0x080029c4   0x0000009c   Code   RO          674    i.I2C_MasterRequestWrite  stm32f1xx_hal_i2c.o
    0x08002a60   0x08002a60   0x00000056   Code   RO          685    i.I2C_WaitOnBTFFlagUntilTimeout  stm32f1xx_hal_i2c.o
    0x08002ab6   0x08002ab6   0x00000002   PAD
    0x08002ab8   0x08002ab8   0x00000090   Code   RO          686    i.I2C_WaitOnFlagUntilTimeout  stm32f1xx_hal_i2c.o
    0x08002b48   0x08002b48   0x000000bc   Code   RO          687    i.I2C_WaitOnMasterAddressFlagUntilTimeout  stm32f1xx_hal_i2c.o
    0x08002c04   0x08002c04   0x00000056   Code   RO          689    i.I2C_WaitOnTXEFlagUntilTimeout  stm32f1xx_hal_i2c.o
    0x08002c5a   0x08002c5a   0x00000002   PAD
    0x08002c5c   0x08002c5c   0x00000080   Code   RO          277    i.MX_GPIO_Init      main.o
    0x08002cdc   0x08002cdc   0x0000003c   Code   RO          278    i.MX_SPI1_Init      main.o
    0x08002d18   0x08002d18   0x00000002   Code   RO          447    i.MemManage_Handler  stm32f1xx_it.o
    0x08002d1a   0x08002d1a   0x00000002   Code   RO          448    i.NMI_Handler       stm32f1xx_it.o
    0x08002d1c   0x08002d1c   0x00000002   Code   RO          449    i.PendSV_Handler    stm32f1xx_it.o
    0x08002d1e   0x08002d1e   0x00000002   PAD
    0x08002d20   0x08002d20   0x0000000c   Code   RO          450    i.SPI1_IRQHandler   stm32f1xx_it.o
    0x08002d2c   0x08002d2c   0x00000010   Code   RO         2068    i.SPI_DMAAbortOnError  stm32f1xx_hal_spi.o
    0x08002d3c   0x08002d3c   0x00000022   Code   RO         2069    i.SPI_DMAError      stm32f1xx_hal_spi.o
    0x08002d5e   0x08002d5e   0x0000000a   Code   RO         2070    i.SPI_DMAHalfReceiveCplt  stm32f1xx_hal_spi.o
    0x08002d68   0x08002d68   0x0000000a   Code   RO         2072    i.SPI_DMAHalfTransmitReceiveCplt  stm32f1xx_hal_spi.o
    0x08002d72   0x08002d72   0x0000006a   Code   RO         2073    i.SPI_DMAReceiveCplt  stm32f1xx_hal_spi.o
    0x08002ddc   0x08002ddc   0x0000005a   Code   RO         2076    i.SPI_DMATransmitReceiveCplt  stm32f1xx_hal_spi.o
    0x08002e36   0x08002e36   0x0000005c   Code   RO         2078    i.SPI_EndRxTransaction  stm32f1xx_hal_spi.o
    0x08002e92   0x08002e92   0x00000020   Code   RO         2079    i.SPI_EndRxTxTransaction  stm32f1xx_hal_spi.o
    0x08002eb2   0x08002eb2   0x00000002   PAD
    0x08002eb4   0x08002eb4   0x000000b8   Code   RO         2084    i.SPI_WaitFlagStateUntilTimeout  stm32f1xx_hal_spi.o
    0x08002f6c   0x08002f6c   0x00000002   Code   RO          451    i.SVC_Handler       stm32f1xx_it.o
    0x08002f6e   0x08002f6e   0x00000004   Code   RO          452    i.SysTick_Handler   stm32f1xx_it.o
    0x08002f72   0x08002f72   0x0000005e   Code   RO          279    i.SystemClock_Config  main.o
    0x08002fd0   0x08002fd0   0x00000002   Code   RO         2389    i.SystemInit        system_stm32f1xx.o
    0x08002fd2   0x08002fd2   0x00000002   Code   RO          453    i.UsageFault_Handler  stm32f1xx_it.o
    0x08002fd4   0x08002fd4   0x00000028   Code   RO         2534    i.__ARM_fpclassify  m_ws.l(fpclassify.o)
    0x08002ffc   0x08002ffc   0x00000020   Code   RO         1543    i.__NVIC_SetPriority  stm32f1xx_hal_cortex.o
    0x0800301c   0x0800301c   0x0000000e   Code   RO         2445    i._is_digit         c_w.l(__printf_wp.o)
    0x0800302a   0x0800302a   0x00000002   PAD
    0x0800302c   0x0800302c   0x00000d1c   Code   RO          280    i.displayDataOnLCD  main.o
    0x08003d48   0x08003d48   0x0000000c   Code   RO          209    i.komunikasi_remot_init  komunikasi_remot.o
    0x08003d54   0x08003d54   0x00000018   Code   RO          149    i.lcd_clear         i2c-lcd.o
    0x08003d6c   0x08003d6c   0x00000058   Code   RO          150    i.lcd_init          i2c-lcd.o
    0x08003dc4   0x08003dc4   0x00000018   Code   RO          151    i.lcd_put_cur       i2c-lcd.o
    0x08003ddc   0x08003ddc   0x0000003c   Code   RO          152    i.lcd_send_cmd      i2c-lcd.o
    0x08003e18   0x08003e18   0x0000003c   Code   RO          153    i.lcd_send_data     i2c-lcd.o
    0x08003e54   0x08003e54   0x00000014   Code   RO          154    i.lcd_send_string   i2c-lcd.o
    0x08003e68   0x08003e68   0x000000b0   Code   RO          281    i.main              main.o
    0x08003f18   0x08003f18   0x00000028   Code   RO          282    i.readFromEE        main.o
    0x08003f40   0x08003f40   0x00000012   Code   RO           16    i.read_flash_memory  ee.o
    0x08003f52   0x08003f52   0x00000002   PAD
    0x08003f54   0x08003f54   0x00000932   Code   RO          210    i.receive_all       komunikasi_remot.o
    0x08004886   0x08004886   0x00000002   PAD
    0x08004888   0x08004888   0x000000c8   Code   RO          283    i.writeToEEPROM     main.o
    0x08004950   0x08004950   0x0000002c   Code   RO         2529    locale$$code        c_w.l(lc_numeric_c.o)
    0x0800497c   0x0800497c   0x00000004   Code   RO         2465    x$fpl$printf1       fz_ws.l(printf1.o)
    0x08004980   0x08004980   0x00000000   Code   RO         2533    x$fpl$usenofp       fz_ws.l(usenofp.o)
    0x08004980   0x08004980   0x00000012   Data   RO         1241    .constdata          stm32f1xx_hal_rcc.o
    0x08004992   0x08004992   0x00000010   Data   RO         2390    .constdata          system_stm32f1xx.o
    0x080049a2   0x080049a2   0x00000008   Data   RO         2391    .constdata          system_stm32f1xx.o
    0x080049aa   0x080049aa   0x00000002   PAD
    0x080049ac   0x080049ac   0x00000094   Data   RO         2504    .constdata          c_w.l(bigflt0.o)
    0x08004a40   0x08004a40   0x00000020   Data   RO         2677    Region$$Table       anon$$obj.o
    0x08004a60   0x08004a60   0x0000001c   Data   RO         2528    locale$$data        c_w.l(lc_numeric_c.o)


    Execution Region RW_IRAM1 (Exec base: 0x20000000, Load base: 0x08004a7c, Size: 0x00000a48, Max: 0x00005000, ABSOLUTE)

    Exec Addr    Load Addr    Size         Type   Attr      Idx    E Section Name        Object

    0x20000000   0x08004a7c   0x00000008   Data   RW          155    .data               i2c-lcd.o
    0x20000008   0x08004a84   0x00000004   Data   RW          217    .data               komunikasi_remot.o
    0x2000000c   0x08004a88   0x0000001c   Data   RW          286    .data               main.o
    0x20000028   0x08004aa4   0x0000000c   Data   RW         1078    .data               stm32f1xx_hal.o
    0x20000034   0x08004ab0   0x00000004   Data   RW         2392    .data               system_stm32f1xx.o
    0x20000038        -       0x00000010   Zero   RW           17    .bss                ee.o
    0x20000048        -       0x00000091   Zero   RW          216    .bss                komunikasi_remot.o
    0x200000d9   0x08004ab4   0x00000007   PAD
    0x200000e0        -       0x000002a4   Zero   RW          284    .bss                main.o
    0x20000384        -       0x00000044   Zero   RW          285    .bss                main.o
    0x200003c8        -       0x00000020   Zero   RW         1784    .bss                stm32f1xx_hal_flash.o
    0x200003e8        -       0x00000060   Zero   RW         2537    .bss                c_w.l(libspace.o)
    0x20000448        -       0x00000200   Zero   RW            2    HEAP                startup_stm32f103xb.o
    0x20000648        -       0x00000400   Zero   RW            1    STACK               startup_stm32f103xb.o


==============================================================================

Image component sizes


      Code (inc. data)   RO Data    RW Data    ZI Data      Debug   Object Name

       174         10          0          0         16     408195   ee.o
       276         18          0          8          0       3448   i2c-lcd.o
      2366         16          0          4        145       3366   komunikasi_remot.o
      4094        284          0         28        744     403656   main.o
        64         26        236          0       1536        792   startup_stm32f103xb.o
       164         28          0         12          0       5665   stm32f1xx_hal.o
       198         14          0          0          0      28767   stm32f1xx_hal_cortex.o
       738         36          0          0          0       4142   stm32f1xx_hal_dma.o
       404         52          0          0         32       4987   stm32f1xx_hal_flash.o
       240         26          0          0          0       3125   stm32f1xx_hal_flash_ex.o
       500         34          0          0          0       3399   stm32f1xx_hal_gpio.o
      1398         32          0          0          0       8841   stm32f1xx_hal_i2c.o
       368         50          0          0          0       2313   stm32f1xx_hal_msp.o
      1208         72         18          0          0       4409   stm32f1xx_hal_rcc.o
      1496         42          0          0          0      11923   stm32f1xx_hal_spi.o
        44         12          0          0          0       4435   stm32f1xx_it.o
         2          0         24          4          0       1031   system_stm32f1xx.o

    ----------------------------------------------------------------------
     13754        752        312         56       2480     902494   Object Totals
         0          0         32          0          0          0   (incl. Generated)
        20          0          2          0          7          0   (incl. Padding)

    ----------------------------------------------------------------------

      Code (inc. data)   RO Data    RW Data    ZI Data      Debug   Library Member Name

         8          0          0          0          0         68   __main.o
       284          0          0          0          0        156   __printf_wp.o
         0          0          0          0          0          0   __rtentry.o
        12          0          0          0          0          0   __rtentry2.o
         6          0          0          0          0          0   __rtentry4.o
        52          8          0          0          0          0   __scatter.o
        26          0          0          0          0          0   __scatter_copy.o
        28          0          0          0          0          0   __scatter_zi.o
        48          6          0          0          0         96   _printf_char_common.o
         6          0          0          0          0          0   _printf_d.o
       120         16          0          0          0         92   _printf_dec.o
         6          0          0          0          0          0   _printf_f.o
      1054          0          0          0          0        216   _printf_fp_dec.o
       128         16          0          0          0         84   _printf_fp_infnan.o
       178          0          0          0          0         88   _printf_intcommon.o
         0          0          0          0          0          0   _printf_percent.o
         4          0          0          0          0          0   _printf_percent_end.o
         6          0          0          0          0          0   _printf_u.o
        10          0          0          0          0         68   _sputc.o
       228          4        148          0          0         96   bigflt0.o
      1936        128          0          0          0        672   btod.o
        18          0          0          0          0         80   exit.o
         6          0          0          0          0        152   heapauxi.o
         0          0          0          0          0          0   indicate_semi.o
        44         10         28          0          0         76   lc_numeric_c.o
         2          0          0          0          0          0   libinit.o
        18          0          0          0          0          0   libinit2.o
         2          0          0          0          0          0   libshutdown.o
         2          0          0          0          0          0   libshutdown2.o
         8          4          0          0         96         68   libspace.o
       138          0          0          0          0         80   lludiv10.o
        38          0          0          0          0         68   llushr.o
        40          6          0          0          0         84   noretval__2sprintf.o
         8          4          0          0          0         68   rt_locale_intlibspace.o
        78          0          0          0          0         80   rt_memclr_w.o
         2          0          0          0          0          0   rtexit.o
        10          0          0          0          0          0   rtexit2.o
       128          0          0          0          0         68   strcmpv7m.o
        12          4          0          0          0         68   sys_exit.o
        74          0          0          0          0         80   sys_stackheap_outer.o
         2          0          0          0          0         68   use_no_semi.o
         4          0          0          0          0         68   printf1.o
         0          0          0          0          0          0   usenofp.o
        40          0          0          0          0         68   fpclassify.o

    ----------------------------------------------------------------------
      4826        206        176          0         96       2812   Library Totals
        12          0          0          0          0          0   (incl. Padding)

    ----------------------------------------------------------------------

      Code (inc. data)   RO Data    RW Data    ZI Data      Debug   Library Name

      4770        206        176          0         96       2676   c_w.l
         4          0          0          0          0         68   fz_ws.l
        40          0          0          0          0         68   m_ws.l

    ----------------------------------------------------------------------
      4826        206        176          0         96       2812   Library Totals

    ----------------------------------------------------------------------

==============================================================================


      Code (inc. data)   RO Data    RW Data    ZI Data      Debug   

     18580        958        488         56       2576     899270   Grand Totals
     18580        958        488         56       2576     899270   ELF Image Totals
     18580        958        488         56          0          0   ROM Totals

==============================================================================

    Total RO  Size (Code + RO Data)                19068 (  18.62kB)
    Total RW  Size (RW Data + ZI Data)              2632 (   2.57kB)
    Total ROM Size (Code + RO Data + RW Data)      19124 (  18.68kB)

==============================================================================

